******************************************************************************
             TMS320C2000 Linker Unix v18.1.2                   
******************************************************************************
>> Linked Fri Jun 22 10:25:29 2018

OUTPUT FILE NAME:   <proj_lab01.out>
ENTRY POINT SYMBOL: "_c_int00"  address: 003f2b4c


MEMORY CONFIGURATION

         name            origin    length      used     unused   attr    fill
----------------------  --------  ---------  --------  --------  ----  --------
PAGE 0:
  RAML0_1               00008000   00000c00  00000036  00000bca  RWIX
  OTP                   003d7800   00000400  00000000  00000400  RWIX
  FLASHH                003d8000   00004000  00000000  00004000  RWIX
  FLASHG                003dc000   00004000  00000000  00004000  RWIX
  FLASHF                003e0000   00004000  00000000  00004000  RWIX
  FLASHE                003e4000   00004000  00000000  00004000  RWIX
  FLASHD                003e8000   00004000  00000036  00003fca  RWIX
  FLASHC                003ec000   00004000  00000000  00004000  RWIX
  FLASHA_B              003f0000   00007f80  00003039  00004f47  RWIX
  CSM_RSVD              003f7f80   00000076  00000000  00000076  RWIX
  BEGIN                 003f7ff6   00000002  00000000  00000002  RWIX
  CSM_PWL_P0            003f7ff8   00000008  00000000  00000008  RWIX
  FPUTABLES             003fd590   000006a0  00000000  000006a0  RWIX
  IQTABLES              003fdc30   00000b50  00000b50  00000000  RWIX
  IQTABLES2             003fe780   0000008c  00000000  0000008c  RWIX
  IQTABLES3             003fe80c   000000aa  00000000  000000aa  RWIX
  ROM                   003ff3b0   00000c10  00000000  00000c10  RWIX
  RESET                 003fffc0   00000002  00000000  00000002  RWIX
  VECTORS               003fffc2   0000003e  00000000  0000003e  RWIX

PAGE 1:
  BOOT_RSVD             00000000   00000050  00000000  00000050  RWIX
  RAMM0                 00000050   000003b0  000003b0  00000000  RWIX
  RAMM1                 00000400   00000400  00000000  00000400  RWIX
  RAML2_3               00008c00   00001400  000003f4  0000100c  RWIX
  RAML4                 0000a000   00002000  00000000  00002000  RWIX
  RAML5                 0000c000   00002000  00000000  00002000  RWIX
  RAML6                 0000e000   00002000  00000000  00002000  RWIX
  RAML7                 00010000   00002000  00000000  00002000  RWIX
  RAML8                 00012000   00001800  000000f2  0000170e  RWIX
  USB_RAM               00040000   00000800  00000000  00000800  RWIX


SECTION ALLOCATION MAP

 output                                  attributes/
section   page    origin      length       input sections
--------  ----  ----------  ----------   ----------------
.cinit     0    003f2e8b    000000d9     
                  003f2e8b    000000a5     proj_lab01.obj (.cinit)
                  003f2f30    0000000e     rts2800_ml.lib : exit.c.obj (.cinit)
                  003f2f3e    00000009     hal.obj (.cinit)
                  003f2f47    00000009     spiCTRL.obj (.cinit)
                  003f2f50    00000005     rts2800_ml.lib : _lock.c.obj (.cinit:__lock)
                  003f2f55    00000005                    : _lock.c.obj (.cinit:__unlock)
                  003f2f5a    00000004     drv8301.obj (.cinit)
                  003f2f5e    00000004     rts2800_ml.lib : errno.c.obj (.cinit)
                  003f2f62    00000002     --HOLE-- [fill = 0]

.pinit     0    003f0000    00000000     UNINITIALIZED

.text      0    003f0000    00002e8b     
                  003f0000    00000c99     hal.obj (.text)
                  003f0c99    000004b0     dma.obj (.text)
                  003f1149    00000456     user.obj (.text)
                  003f159f    0000041e     rts2800_ml.lib : e_powf.c.obj (.text)
                  003f19bd    000002f6     pwm.obj (.text)
                  003f1cb3    000001ee     adc.obj (.text)
                  003f1ea1    00000198     clk.obj (.text)
                  003f2039    0000018f     SPImcBSP.obj (.text)
                  003f21c8    00000187     rts2800_ml.lib : e_logf.c.obj (.text)
                  003f234f    00000170     gpio.obj (.text)
                  003f24bf    0000011b     proj_lab01.obj (.text:retain)
                  003f25da    000000ff     pie.obj (.text)
                  003f26d9    000000a9     spi.obj (.text)
                  003f2782    00000083     rts2800_ml.lib : fd_mpy28.asm.obj (.text)
                  003f2805    00000083                    : fs_div28.asm.obj (.text)
                  003f2888    00000078                    : fs_add28.asm.obj (.text)
                  003f2900    00000076                    : e_sqrtf.c.obj (.text)
                  003f2976    00000069                    : s_ceilf.c.obj (.text)
                  003f29df    0000005d                    : s_scalbnf.c.obj (.text)
                  003f2a3c    0000005b     pll.obj (.text)
                  003f2a97    0000005b     proj_lab01.obj (.text)
                  003f2af2    0000005a     rts2800_ml.lib : fs_mpy28.asm.obj (.text)
                  003f2b4c    00000054                    : boot28.asm.obj (.text)
                  003f2ba0    00000046     wdog.obj (.text)
                  003f2be6    00000044     pwr.obj (.text)
                  003f2c2a    00000032     timer.obj (.text)
                  003f2c5c    0000002d     osc.obj (.text)
                  003f2c89    00000029     rts2800_ml.lib : exit.c.obj (.text)
                  003f2cb2    00000025     cpu.obj (.text)
                  003f2cd7    00000025     rts2800_ml.lib : fs_toi28.asm.obj (.text)
                  003f2cfc    00000024                    : cpy_tbl.c.obj (.text)
                  003f2d20    00000021                    : fs_toul28.asm.obj (.text)
                  003f2d41    00000020     flash.obj (.text)
                  003f2d61    0000001f     rts2800_ml.lib : fd_tol28.asm.obj (.text)
                  003f2d80    0000001d                    : fs_tou28.asm.obj (.text)
                  003f2d9d    0000001d                    : memcpy.c.obj (.text)
                  003f2dba    0000001c                    : fs_tofd28.asm.obj (.text)
                  003f2dd6    0000001a                    : i_tofs28.asm.obj (.text)
                  003f2df0    0000001a                    : l_tofs28.asm.obj (.text)
                  003f2e0a    00000019                    : args_main.c.obj (.text)
                  003f2e23    00000017                    : fs_cmp28.asm.obj (.text)
                  003f2e3a    00000013                    : ul_tofs28.asm.obj (.text)
                  003f2e4d    00000010                    : u_tofs28.asm.obj (.text)
                  003f2e5d    0000000e     dma.obj (.text:retain)
                  003f2e6b    0000000a     rts2800_ml.lib : s_copysignf.c.obj (.text)
                  003f2e75    00000009                    : _lock.c.obj (.text)
                  003f2e7e    00000005     pie.obj (.text:retain)
                  003f2e83    00000005     rts2800_ml.lib : fs_neg28.asm.obj (.text)
                  003f2e88    00000002                    : pre_init.c.obj (.text)
                  003f2e8a    00000001                    : startup.c.obj (.text)

ramfuncs   0    003e8000    00000036     RUN ADDR = 00008000
                  003e8000    00000032     flash.obj (ramfuncs)
                  003e8032    00000004     usDelay.obj (ramfuncs)

.stack     1    00000050    000003b0     UNINITIALIZED
                  00000050    000003b0     --HOLE--

.ebss      1    00008c00    000003f4     UNINITIALIZED
                  00008c00    000001ac     proj_lab01.obj (.ebss)
                  00008dac    00000006     rts2800_ml.lib : exit.c.obj (.ebss)
                  00008db2    00000002                    : _lock.c.obj (.ebss:__lock)
                  00008db4    00000002                    : _lock.c.obj (.ebss:__unlock)
                  00008db6    00000002     drv8301.obj (.ebss)
                  00008db8    00000001     cpu.obj (.ebss)
                  00008db9    00000001     rts2800_ml.lib : errno.c.obj (.ebss)
                  00008dba    00000006     --HOLE--
                  00008dc0    00000140     spiCTRL.obj (.ebss)
                  00008f00    000000f4     hal.obj (.ebss)

.econst    0    003f2fd4    00000066     
                  003f2fd4    00000032     rts2800_ml.lib : e_powf.c.obj (.econst)
                  003f3006    00000010                    : e_logf.c.obj (.econst)
                  003f3016    00000008     user.obj (.econst)
                  003f301e    00000006     rts2800_ml.lib : s_scalbnf.c.obj (.econst)
                  003f3024    00000004                    : e_powf.c.obj (.econst:_bp)
                  003f3028    00000004                    : e_powf.c.obj (.econst:_dp_h)
                  003f302c    00000004                    : e_powf.c.obj (.econst:_dp_l)
                  003f3030    00000004     hal.obj (.econst)
                  003f3034    00000004     rts2800_ml.lib : e_sqrtf.c.obj (.econst)
                  003f3038    00000002                    : s_ceilf.c.obj (.econst)

IQmath     0    003f2f64    0000006f     
                  003f2f64    00000047     IQmath.lib : IQ24div.obj (IQmath)
                  003f2fab    00000014                : IQ24toF.obj (IQmath)
                  003f2fbf    00000014                : IQ30toF.obj (IQmath)

IQmathTables 
*          0    003fdc30    00000b50     NOLOAD SECTION
                  003fdc30    00000b50     IQmath.lib : IQmathTables.obj (IQmathTables)

DMARAML8   1    00012000    000000f2     UNINITIALIZED
                  00012000    000000f2     spiCTRL.obj (DMARAML8)

.reset     0    003fffc0    00000002     DSECT
                  003fffc0    00000002     rts2800_ml.lib : boot28.asm.obj (.reset)

vectors    0    003fffc2    00000000     DSECT

MODULE SUMMARY

       Module              code    initialized data   uninitialized data
       ------              ----    ----------------   ------------------
    ./
       hal.obj             3225    13                 244               
       dma.obj             1214    0                  0                 
       user.obj            1110    8                  0                 
       proj_lab01.obj      374     165                428               
       pwm.obj             758     0                  0                 
       spiCTRL.obj         0       9                  562               
       adc.obj             494     0                  0                 
       clk.obj             408     0                  0                 
       SPImcBSP.obj        399     0                  0                 
       gpio.obj            368     0                  0                 
       pie.obj             260     0                  0                 
       spi.obj             169     0                  0                 
       flash.obj           132     0                  0                 
       pll.obj             91      0                  0                 
       wdog.obj            70      0                  0                 
       pwr.obj             68      0                  0                 
       timer.obj           50      0                  0                 
       osc.obj             45      0                  0                 
       cpu.obj             37      0                  1                 
       usDelay.obj         8       0                  0                 
       drv8301.obj         0       4                  2                 
    +--+-------------------+-------+------------------+--------------------+
       Total:              9280    199                1237              
                                                                        
    /home/lflavado/ti/motorware_1_01_00_16/sw/modules/iqmath/lib/f28x/32b/IQmath.lib
       IQmathTables.obj    0       2896               0                 
       IQ24div.obj         0       71                 0                 
       IQ24toF.obj         0       20                 0                 
       IQ30toF.obj         0       20                 0                 
    +--+-------------------+-------+------------------+--------------------+
       Total:              0       3007               0                 
                                                                        
    /opt/ti/ccsv8/tools/compiler/ti-cgt-c2000_18.1.2.LTS/lib/rts2800_ml.lib
       e_powf.c.obj        1054    62                 0                 
       e_logf.c.obj        391     16                 0                 
       fd_mpy28.asm.obj    131     0                  0                 
       fs_div28.asm.obj    131     0                  0                 
       e_sqrtf.c.obj       118     4                  0                 
       fs_add28.asm.obj    120     0                  0                 
       s_ceilf.c.obj       105     2                  0                 
       s_scalbnf.c.obj     93      6                  0                 
       fs_mpy28.asm.obj    90      0                  0                 
       boot28.asm.obj      84      0                  0                 
       exit.c.obj          41      14                 6                 
       fs_toi28.asm.obj    37      0                  0                 
       cpy_tbl.c.obj       36      0                  0                 
       fs_toul28.asm.obj   33      0                  0                 
       fd_tol28.asm.obj    31      0                  0                 
       fs_tou28.asm.obj    29      0                  0                 
       memcpy.c.obj        29      0                  0                 
       fs_tofd28.asm.obj   28      0                  0                 
       i_tofs28.asm.obj    26      0                  0                 
       l_tofs28.asm.obj    26      0                  0                 
       args_main.c.obj     25      0                  0                 
       _lock.c.obj         9       10                 4                 
       fs_cmp28.asm.obj    23      0                  0                 
       ul_tofs28.asm.obj   19      0                  0                 
       u_tofs28.asm.obj    16      0                  0                 
       s_copysignf.c.obj   10      0                  0                 
       errno.c.obj         0       4                  1                 
       fs_neg28.asm.obj    5       0                  0                 
       pre_init.c.obj      2       0                  0                 
       startup.c.obj       1       0                  0                 
    +--+-------------------+-------+------------------+--------------------+
       Total:              2743    118                11                
                                                                        
       Stack:              0       0                  944               
    +--+-------------------+-------+------------------+--------------------+
       Grand Total:        12023   3324               2192              


GLOBAL DATA SYMBOLS: SORTED BY DATA PAGE

address     data page           name
--------    ----------------    ----
00000050       1 (00000040)     __stack

00008c00     230 (00008c00)     _gLEDcnt
00008c02     230 (00008c00)     _halHandle
00008c04     230 (00008c00)     _gPwmData
00008c0a     230 (00008c00)     _gAdcData

00008c40     231 (00008c40)     _gMotorVars

00008d00     234 (00008d00)     _gUserParams

00008dac     236 (00008d80)     ___TI_enable_exit_profile_output
00008dae     236 (00008d80)     ___TI_cleanup_ptr
00008db0     236 (00008d80)     ___TI_dtors_ptr
00008db2     236 (00008d80)     __lock
00008db4     236 (00008d80)     __unlock
00008db8     236 (00008d80)     _cpu
00008db9     236 (00008d80)     _errno

00008f00     23c (00008f00)     _dcBusCurrentOffsetCalibrationDone
00008f02     23c (00008f00)     _dcBusCurrentOffset

00008f40     23d (00008f40)     _hal

00012000     480 (00012000)     _tx_buffer

00012080     482 (00012080)     _rx_buffer

003f2f64    fcbd (003f2f40)     __IQ24div

003f2fab    fcbe (003f2f80)     __IQ24toF
003f2fbf    fcbe (003f2f80)     __IQ30toF

003fdc30    ff70 (003fdc00)     _IQsinTable

003fdd30    ff74 (003fdd00)     _IQcosTable

003fe030    ff80 (003fe000)     _IQsinTableEnd

003fe132    ff84 (003fe100)     _IQcosTableEnd
003fe132    ff84 (003fe100)     _IQdivRoundSatTable

003fe140    ff85 (003fe140)     _IQdivTable

003fe342    ff8d (003fe340)     _IQdivTableEnd
003fe342    ff8d (003fe340)     _IQisqrtRoundSatTable
003fe342    ff8d (003fe340)     _IQsqrtRoundSatTable
003fe352    ff8d (003fe340)     _IQisqrtTable
003fe352    ff8d (003fe340)     _IQsqrtTable

003fe454    ff91 (003fe440)     _IQatan2HalfPITable
003fe454    ff91 (003fe440)     _IQisqrtTableEnd
003fe454    ff91 (003fe440)     _IQsqrtTableEnd

003fe492    ff92 (003fe480)     _IQatan2Table

003fe618    ff98 (003fe600)     _IQ30mpyRndSatTable
003fe618    ff98 (003fe600)     _IQatan2TableEnd
003fe618    ff98 (003fe600)     _IQmpyRndSatTable
003fe624    ff98 (003fe600)     _IQ29mpyRndSatTable
003fe630    ff98 (003fe600)     _IQ28mpyRndSatTable
003fe63c    ff98 (003fe600)     _IQ27mpyRndSatTable

003fe648    ff99 (003fe640)     _IQ26mpyRndSatTable
003fe654    ff99 (003fe640)     _IQ25mpyRndSatTable
003fe660    ff99 (003fe640)     _IQ24mpyRndSatTable
003fe66c    ff99 (003fe640)     _IQ23mpyRndSatTable
003fe678    ff99 (003fe640)     _IQ22mpyRndSatTable

003fe684    ff9a (003fe680)     _IQ21mpyRndSatTable
003fe690    ff9a (003fe680)     _IQ20mpyRndSatTable
003fe69c    ff9a (003fe680)     _IQ19mpyRndSatTable
003fe6a8    ff9a (003fe680)     _IQ18mpyRndSatTable
003fe6b4    ff9a (003fe680)     _IQ17mpyRndSatTable

003fe6c0    ff9b (003fe6c0)     _IQ16mpyRndSatTable
003fe6cc    ff9b (003fe6c0)     _IQ15mpyRndSatTable
003fe6d8    ff9b (003fe6c0)     _IQ14mpyRndSatTable
003fe6e4    ff9b (003fe6c0)     _IQ13mpyRndSatTable
003fe6f0    ff9b (003fe6c0)     _IQ12mpyRndSatTable
003fe6fc    ff9b (003fe6c0)     _IQ11mpyRndSatTable

003fe708    ff9c (003fe700)     _IQ10mpyRndSatTable
003fe714    ff9c (003fe700)     _IQ9mpyRndSatTable
003fe720    ff9c (003fe700)     _IQ8mpyRndSatTable
003fe72c    ff9c (003fe700)     _IQ7mpyRndSatTable
003fe738    ff9c (003fe700)     _IQ6mpyRndSatTable

003fe744    ff9d (003fe740)     _IQ5mpyRndSatTable
003fe750    ff9d (003fe740)     _IQ4mpyRndSatTable
003fe75c    ff9d (003fe740)     _IQ3mpyRndSatTable
003fe768    ff9d (003fe740)     _IQ2mpyRndSatTable
003fe774    ff9d (003fe740)     _IQ1mpyRndSatTable

003fe780    ff9e (003fe780)     _IQmpyRndSatTableEnd


GLOBAL SYMBOLS: SORTED ALPHABETICALLY BY Name 

page  address   name                                             
----  -------   ----                                             
0     003f0000  .text                                            
0     003f2c89  C$$EXIT                                          
0     003f2782  FD$$MPY                                          
0     003f2d61  FD$$TOL                                          
0     003f288d  FS$$ADD                                          
0     003f2e23  FS$$CMP                                          
0     003f2805  FS$$DIV                                          
0     003f2af2  FS$$MPY                                          
0     003f2e83  FS$$NEG                                          
0     003f2888  FS$$SUB                                          
0     003f2dba  FS$$TOFD                                         
0     003f2cd7  FS$$TOI                                          
0     003f2d80  FS$$TOU                                          
0     003f2d20  FS$$TOUL                                         
0     003f2dd6  I$$TOFS                                          
0     003f2df0  L$$TOFS                                          
0     003f2e4d  U$$TOFS                                          
0     003f2e3a  UL$$TOFS                                         
0     003f1e97  _ADC_disable                                     
0     003f1e8d  _ADC_disableBandGap                              
0     003f1e76  _ADC_disableInt                                  
0     003f1e6c  _ADC_disableNoOverlapMode                        
0     003f1e62  _ADC_disableRefBuffers                           
0     003f1e58  _ADC_disableVoltRefLoConv                        
0     003f1e4e  _ADC_enable                                      
0     003f1e44  _ADC_enableBandGap                               
0     003f1e2e  _ADC_enableInt                                   
0     003f1e24  _ADC_enableNoOverlapMode                         
0     003f1e1a  _ADC_enableRefBuffers                            
0     003f1e10  _ADC_enableVoltRefLoConv                         
0     003f1e08  _ADC_getDivideSelect                             
0     003f1e00  _ADC_init                                        
0     003f1df6  _ADC_powerDown                                   
0     003f1dec  _ADC_powerUp                                     
0     003f1de2  _ADC_reset                                       
0     003f1dd1  _ADC_setDivideSelect                             
0     003f1db0  _ADC_setIntMode                                  
0     003f1d9f  _ADC_setIntPulseGenMode                          
0     003f1d7e  _ADC_setIntSrc                                   
0     003f1d77  _ADC_setOffTrim                                  
0     003f1d60  _ADC_setSampleMode                               
0     003f1d4d  _ADC_setSampleOverlapMode                        
0     003f1d39  _ADC_setSocChanNumber                            
0     003f1d2f  _ADC_setSocFrc                                   
0     003f1d28  _ADC_setSocFrcWord                               
0     003f1d14  _ADC_setSocSampleDelay                           
0     003f1d00  _ADC_setSocTrigSrc                               
0     003f1cef  _ADC_setTempSensorSrc                            
0     003f1cde  _ADC_setVoltRefSrc                               
0     003f1cb3  _ADC_setupSocTrigSrc                             
0     003f2032  _CLK_disableAdcClock                             
0     003f202b  _CLK_disableClaClock                             
0     003f2025  _CLK_disableClkIn                                
0     003f2021  _CLK_disableCompClock                            
0     003f201a  _CLK_disableCpuTimerClock                        
0     003f2014  _CLK_disableCrystalOsc                           
0     003f200d  _CLK_disableEcanaClock                           
0     003f2006  _CLK_disableEcap1Clock                           
0     003f1fff  _CLK_disableEqep1Clock                           
0     003f1ff8  _CLK_disableEqep2Clock                           
0     003f1ff1  _CLK_disableGpioInputClock                       
0     003f1fea  _CLK_disableHrPwmClock                           
0     003f1fe3  _CLK_disableI2cClock                             
0     003f1fdc  _CLK_disableLinAClock                            
0     003f1fd6  _CLK_disableOsc1                                 
0     003f1fd0  _CLK_disableOsc1HaltMode                         
0     003f1fca  _CLK_disableOsc2                                 
0     003f1fc4  _CLK_disableOsc2HaltMode                         
0     003f1fba  _CLK_disablePwmClock                             
0     003f1fb3  _CLK_disableSciaClock                            
0     003f1fac  _CLK_disableScibClock                            
0     003f1fa5  _CLK_disableSpiaClock                            
0     003f1fa1  _CLK_disableSpibClock                            
0     003f1f9a  _CLK_disableTbClockSync                          
0     003f1f94  _CLK_disableWatchDogHaltMode                     
0     003f1f8d  _CLK_enableAdcClock                              
0     003f1f86  _CLK_enableClaClock                              
0     003f1f80  _CLK_enableClkIn                                 
0     003f1f7a  _CLK_enableCompClock                             
0     003f1f74  _CLK_enableCpuTimerClock                         
0     003f1f6e  _CLK_enableCrystalOsc                            
0     003f1f67  _CLK_enableDMAClock                              
0     003f1f60  _CLK_enableEcanaClock                            
0     003f1f59  _CLK_enableEcap1Clock                            
0     003f1f52  _CLK_enableEqep1Clock                            
0     003f1f4b  _CLK_enableEqep2Clock                            
0     003f1f44  _CLK_enableGpioInputClock                        
0     003f1f3d  _CLK_enableHrPwmClock                            
0     003f1f36  _CLK_enableI2cClock                              
0     003f1f2f  _CLK_enableLinAClock                             
0     003f1f28  _CLK_enableMcBSPAClock                           
0     003f1f22  _CLK_enableOsc1                                  
0     003f1f1c  _CLK_enableOsc1HaltMode                          
0     003f1f16  _CLK_enableOsc2                                  
0     003f1f10  _CLK_enableOsc2HaltMode                          
0     003f1f07  _CLK_enablePwmClock                              
0     003f1f00  _CLK_enableSciaClock                             
0     003f1ef9  _CLK_enableScibClock                             
0     003f1ef2  _CLK_enableSpiaClock                             
0     003f1eeb  _CLK_enableSpibClock                             
0     003f1ee4  _CLK_enableTbClockSync                           
0     003f1ede  _CLK_enableWatchDogHaltMode                      
0     003f1ed8  _CLK_init                                        
0     003f1ed1  _CLK_setClkOutPreScaler                          
0     003f1ecb  _CLK_setLowSpdPreScaler                          
0     003f1ec4  _CLK_setOsc2Src                                  
0     003f1ebd  _CLK_setOscSrc                                   
0     003f1eb6  _CLK_setTimer2PreScale                           
0     003f1eaf  _CLK_setTimer2Src                                
0     003f1ea8  _CLK_setWatchDogSrc                              
0     003f1ea1  _CLK_setXClkInSrc                                
0     003f2cd4  _CPU_clearIntFlags                               
0     003f2cd1  _CPU_disableDebugInt                             
0     003f2cce  _CPU_disableGlobalInts                           
0     003f2cc9  _CPU_disableInt                                  
0     003f2cc6  _CPU_disableInts                                 
0     003f2cc3  _CPU_disableProtectedRegisterWrite               
0     003f2cc0  _CPU_enableDebugInt                              
0     003f2cbd  _CPU_enableGlobalInts                            
0     003f2cb9  _CPU_enableInt                                   
0     003f2cb6  _CPU_enableProtectedRegisterWrite                
0     003f2cb2  _CPU_init                                        
abs   003fa83e  _CTRL_setGains                                   
0     003f1100  _DMA_AddrConfig                                  
0     003f10c3  _DMA_BurstConfig                                 
0     003f10bd  _DMA_CH1highPriorityMode                         
0     003f10b7  _DMA_CH1normalMode                               
0     003f0e1d  _DMA_ModeConfig                                  
0     003f0de3  _DMA_SoftReset                                   
0     003f0da6  _DMA_TransferConfig                              
0     003f0d5c  _DMA_WrapConfig                                  
0     003f0d33  _DMA_disableChannelInterrupt                     
0     003f0d2d  _DMA_disableFREE                                 
0     003f0d04  _DMA_enableChannelInterrupt                      
0     003f0cfe  _DMA_enableFREE                                  
0     003f0cf7  _DMA_hardReset                                   
0     003f0cf1  _DMA_init                                        
0     003f0ceb  _DMA_priorityReset                               
0     003f0cc2  _DMA_run                                         
0     003f0c99  _DMA_stop                                        
abs   003f96ab  _EST_getFlux_pu                                  
abs   003f95ff  _EST_getLs_coarse_max_pu                         
abs   003f95f5  _EST_getLs_d_H                                   
abs   003f95f0  _EST_getLs_d_pu                                  
abs   003f95ce  _EST_getLs_q_H                                   
abs   003f95c9  _EST_getLs_q_pu                                  
abs   003f9513  _EST_getRs_Ohm                                   
abs   003f8b45  _EST_setLs_d_pu                                  
abs   003f8af1  _EST_setLs_qFmt                                  
abs   003f8ae7  _EST_setLs_q_pu                                  
0     003f2d5b  _FLASH_clear3VStatus                             
0     0000802c  _FLASH_disablePipelineMode                       
0     00008026  _FLASH_enablePipelineMode                        
0     003f2d58  _FLASH_get3VStatus                               
0     003f2d55  _FLASH_getActiveWaitCount                        
0     003f2d51  _FLASH_getActiveWaitStatus                       
0     003f2d4e  _FLASH_getPowerMode                              
0     003f2d4b  _FLASH_getStandbyWaitCount                       
0     003f2d47  _FLASH_getStandbyWaitStatus                      
0     003f2d41  _FLASH_init                                      
0     00008021  _FLASH_setActiveWaitCount                        
0     0000801a  _FLASH_setNumPagedReadWaitStates                 
0     00008013  _FLASH_setNumRandomReadWaitStates                
0     0000800c  _FLASH_setOtpWaitStates                          
0     00008005  _FLASH_setPowerMode                              
0     00008000  _FLASH_setStandbyWaitCount                       
0     003f24b1  _GPIO_getData                                    
0     003f24a6  _GPIO_getPortData                                
0     003f24a0  _GPIO_init                                       
0     003f2496  _GPIO_lpmSelect                                  
0     003f2483  _GPIO_read                                       
0     003f2469  _GPIO_setDirection                               
0     003f245e  _GPIO_setExtInt                                  
0     003f244e  _GPIO_setHigh                                    
0     003f243e  _GPIO_setLow                                     
0     003f240a  _GPIO_setMode                                    
0     003f23fd  _GPIO_setPortData                                
0     003f23e3  _GPIO_setPullup                                  
0     003f23a6  _GPIO_setQualification                           
0     003f235f  _GPIO_setQualificationPeriod                     
0     003f234f  _GPIO_toggle                                     
0     003f071d  _HAL_AdcCalChanSelect                            
0     003f0774  _HAL_AdcCalConversion                            
0     003f08cc  _HAL_AdcOffsetSelfCal                            
0     003f0992  _HAL_OscTempComp                                 
0     003f09e7  _HAL_cal                                         
0     003f0c53  _HAL_calculateOffsetDCBusCurrent                 
0     003f0c4f  _HAL_disableGlobalInts                           
0     003f0b33  _HAL_disableWdog                                 
0     003f0c3d  _HAL_enableAdcInts                               
0     003f0c39  _HAL_enableDebugInt                              
0     003f0c35  _HAL_enableGlobalInts                            
0     003f0c24  _HAL_enablePwmInt                                
0     003f0c14  _HAL_enableTimer0Int                             
0     003f0c09  _HAL_getDCbusCurrentOffset                       
0     003f0c05  _HAL_getDCbusCurrentOffsetCalibrationDone        
0     003f08ff  _HAL_getOscTrimValue                             
0     003f0b38  _HAL_init                                        
0     003f0912  _HAL_osc1Comp                                    
0     003f0952  _HAL_osc2Comp                                    
0     003f09fe  _HAL_setParams                                   
0     003f05e1  _HAL_setupAdcs                                   
0     003f05c5  _HAL_setupClks                                   
0     003f052d  _HAL_setupDMA                                    
0     003f050f  _HAL_setupFaults                                 
0     003f04f1  _HAL_setupFlash                                  
0     003f030a  _HAL_setupGpios                                  
0     003f02b7  _HAL_setupMcBSPA                                 
0     003f025d  _HAL_setupPeripheralClks                         
0     003f0241  _HAL_setupPie                                    
0     003f0202  _HAL_setupPll                                    
0     003f017f  _HAL_setupPwmDacs                                
0     003f00a7  _HAL_setupPwms                                   
0     003f0071  _HAL_setupSpiA                                   
0     003f003b  _HAL_setupSpiB                                   
0     003f0000  _HAL_setupTimers                                 
0     003fe708  _IQ10mpyRndSatTable                              
0     003fe6fc  _IQ11mpyRndSatTable                              
0     003fe6f0  _IQ12mpyRndSatTable                              
0     003fe6e4  _IQ13mpyRndSatTable                              
0     003fe6d8  _IQ14mpyRndSatTable                              
0     003fe6cc  _IQ15mpyRndSatTable                              
0     003fe6c0  _IQ16mpyRndSatTable                              
0     003fe6b4  _IQ17mpyRndSatTable                              
0     003fe6a8  _IQ18mpyRndSatTable                              
0     003fe69c  _IQ19mpyRndSatTable                              
0     003fe774  _IQ1mpyRndSatTable                               
0     003fe690  _IQ20mpyRndSatTable                              
0     003fe684  _IQ21mpyRndSatTable                              
0     003fe678  _IQ22mpyRndSatTable                              
0     003fe66c  _IQ23mpyRndSatTable                              
0     003fe660  _IQ24mpyRndSatTable                              
0     003fe654  _IQ25mpyRndSatTable                              
0     003fe648  _IQ26mpyRndSatTable                              
0     003fe63c  _IQ27mpyRndSatTable                              
0     003fe630  _IQ28mpyRndSatTable                              
0     003fe624  _IQ29mpyRndSatTable                              
0     003fe768  _IQ2mpyRndSatTable                               
0     003fe618  _IQ30mpyRndSatTable                              
0     003fe75c  _IQ3mpyRndSatTable                               
0     003fe750  _IQ4mpyRndSatTable                               
0     003fe744  _IQ5mpyRndSatTable                               
0     003fe738  _IQ6mpyRndSatTable                               
0     003fe72c  _IQ7mpyRndSatTable                               
0     003fe720  _IQ8mpyRndSatTable                               
0     003fe714  _IQ9mpyRndSatTable                               
0     003fe454  _IQatan2HalfPITable                              
0     003fe492  _IQatan2Table                                    
0     003fe618  _IQatan2TableEnd                                 
0     003fdd30  _IQcosTable                                      
0     003fe132  _IQcosTableEnd                                   
0     003fe132  _IQdivRoundSatTable                              
0     003fe140  _IQdivTable                                      
0     003fe342  _IQdivTableEnd                                   
0     003fe342  _IQisqrtRoundSatTable                            
0     003fe352  _IQisqrtTable                                    
0     003fe454  _IQisqrtTableEnd                                 
0     003fe618  _IQmpyRndSatTable                                
0     003fe780  _IQmpyRndSatTableEnd                             
0     003fdc30  _IQsinTable                                      
0     003fe030  _IQsinTableEnd                                   
0     003fe342  _IQsqrtRoundSatTable                             
0     003fe352  _IQsqrtTable                                     
0     003fe454  _IQsqrtTableEnd                                  
0     003f21c5  _MCBSP_InitDelayLoop                             
0     003f21c0  _MCBSP_getClockDiv                               
0     003f21ba  _MCBSP_init                                      
0     003f21b7  _MCBSP_resetFrameSynchronizationLogic            
0     003f2039  _MCBSP_resetReceiver                             
0     003f21b4  _MCBSP_resetReleaseFrameSynchronizationLogic     
0     003f2044  _MCBSP_resetReleaseReceiver                      
0     003f21b1  _MCBSP_resetReleaseSampleRateGenerator           
0     003f2047  _MCBSP_resetReleaseTransmitter                   
0     003f21ae  _MCBSP_resetSampleRateGenerator                  
0     003f203c  _MCBSP_resetTransmitter                          
0     003f2193  _MCBSP_sampleRateGeneratorInputClockMode         
0     003f2143  _MCBSP_setClockStopMode                          
0     003f2158  _MCBSP_setMode                                   
0     003f2137  _MCBSP_setReceiveClockMode                       
0     003f212b  _MCBSP_setReceiveClockPolarity                   
0     003f2116  _MCBSP_setReceiveDataDelay                       
0     003f210a  _MCBSP_setReceiveFrameSyncPolarity               
0     003f20fe  _MCBSP_setReceiveFrameSynchronizationMode        
0     003f20d1  _MCBSP_setReceiveWordLength1                     
0     003f20c8  _MCBSP_setSRGClockDivider                        
0     003f20bc  _MCBSP_setTransmitClockMode                      
0     003f20b0  _MCBSP_setTransmitClockPolarity                  
0     003f20a6  _MCBSP_setTransmitDataDelay                      
0     003f209a  _MCBSP_setTransmitFrameSyncPolarity              
0     003f208e  _MCBSP_setTransmitFrameSynchronizationMode       
0     003f204f  _MCBSP_setTransmitWordLength1                    
0     003f204a  _McBSP_run                                       
0     003f203f  _McBSP_stop                                      
abs   003fb4dc  _OFFSET_init                                     
abs   003fb4c6  _OFFSET_setBeta                                  
abs   003fb4bd  _OFFSET_setInitCond                              
abs   003fb4bb  _OFFSET_setOffset                                
0     003f2c83  _OSC_init                                        
0     003f2c76  _OSC_setCoarseTrim                               
0     003f2c65  _OSC_setFineTrim                                 
0     003f2c5c  _OSC_setTrim                                     
0     003f26d2  _PIE_clearAllFlags                               
0     003f26cf  _PIE_clearAllInts                                
0     003f26cc  _PIE_disable                                     
0     003f26c5  _PIE_disableAllInts                              
0     003f26c1  _PIE_disableCaptureInt                           
0     003f26b8  _PIE_disableExtInt                               
0     003f26ae  _PIE_disableInt                                  
0     003f26ab  _PIE_enable                                      
0     003f268f  _PIE_enableAdcInt                                
0     003f268b  _PIE_enableCaptureInt                            
0     003f266f  _PIE_enableExtInt                                
0     003f2666  _PIE_enableInt                                   
0     003f2661  _PIE_enablePwmInt                                
0     003f265c  _PIE_enablePwmTzInt                              
0     003f2659  _PIE_enableTimer0Int                             
0     003f2650  _PIE_forceInt                                    
0     003f2648  _PIE_getExtIntCount                              
0     003f2641  _PIE_getIntEnables                               
0     003f263a  _PIE_getIntFlags                                 
0     003f2e7e  _PIE_illegalIsr                                  
0     003f2632  _PIE_init                                        
0     003f2621  _PIE_registerPieIntHandler                       
0     003f2616  _PIE_registerSystemIntHandler                    
0     003f260b  _PIE_setDefaultIntVectorTable                    
0     003f25fa  _PIE_setExtIntPolarity                           
0     003f25e7  _PIE_unregisterPieIntHandler                     
0     003f25da  _PIE_unregisterSystemIntHandler                  
0     003f2a91  _PLL_disable                                     
0     003f2a8b  _PLL_disableClkDetect                            
0     003f2a85  _PLL_disableNormRdy                              
0     003f2a7f  _PLL_disableOsc                                  
0     003f2a79  _PLL_enable                                      
0     003f2a73  _PLL_enableClkDetect                             
0     003f2a6d  _PLL_enableNormRdy                               
0     003f2a67  _PLL_enableOsc                                   
0     003f2a63  _PLL_getClkFreq                                  
0     003f2a60  _PLL_getClkStatus                                
0     003f2a5d  _PLL_getDivideSelect                             
0     003f2a5a  _PLL_getLockStatus                               
0     003f2a54  _PLL_init                                        
0     003f2a4e  _PLL_resetClkDetect                              
0     003f2a48  _PLL_setClkFreq                                  
0     003f2a41  _PLL_setDivideSelect                             
0     003f2a3c  _PLL_setLockPeriod                               
0     003f1cad  _PWM_clearTripZone                               
0     003f1caa  _PWM_decrementDeadBandFallingEdgeDelay           
0     003f1ca7  _PWM_decrementDeadBandRisingEdgeDelay            
0     003f1ca0  _PWM_disableAutoConvert                          
0     003f1c9c  _PWM_disableChopping                             
0     003f1c99  _PWM_disableCounterLoad                          
0     003f1c96  _PWM_disableDeadBand                             
0     003f1c92  _PWM_disableDeadBandHalfCycle                    
0     003f1c8b  _PWM_disableDigitalCompareBlankingWindow         
0     003f1c84  _PWM_disableDigitalCompareBlankingWindowInversion
0     003f1c7d  _PWM_disableHrPeriod                             
0     003f1c76  _PWM_disableHrPhaseSync                          
0     003f1c72  _PWM_disableInt                                  
0     003f1c6e  _PWM_disableSocAPulse                            
0     003f1c6a  _PWM_disableSocBPulse                            
0     003f1c63  _PWM_disableTripZoneInt                          
0     003f1c5c  _PWM_disableTripZoneSrc                          
0     003f1c56  _PWM_disableTripZones                            
0     003f1c4f  _PWM_enableAutoConvert                           
0     003f1c4b  _PWM_enableChopping                              
0     003f1c48  _PWM_enableCounterLoad                           
0     003f1c44  _PWM_enableDeadBandHalfCycle                     
0     003f1c3d  _PWM_enableDigitalCompareBlankingWindow          
0     003f1c36  _PWM_enableDigitalCompareBlankingWindowInversion 
0     003f1c2f  _PWM_enableHrPeriod                              
0     003f1c28  _PWM_enableHrPhaseSync                           
0     003f1c24  _PWM_enableInt                                   
0     003f1c20  _PWM_enableSocAPulse                             
0     003f1c1c  _PWM_enableSocBPulse                             
0     003f1c16  _PWM_enableTripZoneInt                           
0     003f1c10  _PWM_enableTripZoneSrc                           
0     003f1c0d  _PWM_getDeadBandFallingEdgeDelay                 
0     003f1c0a  _PWM_getDeadBandRisingEdgeDelay                  
0     003f1c06  _PWM_getIntCount                                 
0     003f1c02  _PWM_getShadowStatus_CmpA                        
0     003f1bfe  _PWM_getShadowStatus_CmpB                        
0     003f1bf9  _PWM_getSocACount                                
0     003f1bf4  _PWM_getSocBCount                                
0     003f1bf1  _PWM_incrementDeadBandFallingEdgeDelay           
0     003f1bee  _PWM_incrementDeadBandRisingEdgeDelay            
0     003f1be8  _PWM_init                                        
0     003f1be1  _PWM_setActionQualContSWForce_PwmA               
0     003f1bd8  _PWM_setActionQualContSWForce_PwmB               
0     003f1bcf  _PWM_setActionQual_CntDown_CmpA_PwmA             
0     003f1bc6  _PWM_setActionQual_CntDown_CmpA_PwmB             
0     003f1bbd  _PWM_setActionQual_CntDown_CmpB_PwmA             
0     003f1bb4  _PWM_setActionQual_CntDown_CmpB_PwmB             
0     003f1bab  _PWM_setActionQual_CntUp_CmpA_PwmA               
0     003f1ba2  _PWM_setActionQual_CntUp_CmpA_PwmB               
0     003f1b99  _PWM_setActionQual_CntUp_CmpB_PwmA               
0     003f1b90  _PWM_setActionQual_CntUp_CmpB_PwmB               
0     003f1b87  _PWM_setActionQual_Period_PwmA                   
0     003f1b7e  _PWM_setActionQual_Period_PwmB                   
0     003f1b77  _PWM_setActionQual_Zero_PwmA                     
0     003f1b70  _PWM_setActionQual_Zero_PwmB                     
0     003f1b69  _PWM_setChoppingClkFreq                          
0     003f1b62  _PWM_setChoppingDutyCycle                        
0     003f1b5b  _PWM_setChoppingPulseWidth                       
0     003f1b57  _PWM_setClkDiv                                   
0     003f1b55  _PWM_setCount                                    
0     003f1b51  _PWM_setCounterMode                              
0     003f1b4e  _PWM_setDeadBandFallingEdgeDelay                 
0     003f1b47  _PWM_setDeadBandInputMode                        
0     003f1b40  _PWM_setDeadBandOutputMode                       
0     003f1b39  _PWM_setDeadBandPolarity                         
0     003f1b36  _PWM_setDeadBandRisingEdgeDelay                  
0     003f1b1c  _PWM_setDigitalCompareAEvent1                    
0     003f1b0c  _PWM_setDigitalCompareAEvent2                    
0     003f1af2  _PWM_setDigitalCompareBEvent1                    
0     003f1ae2  _PWM_setDigitalCompareBEvent2                    
0     003f1ad6  _PWM_setDigitalCompareBlankingPulse              
0     003f1ad3  _PWM_setDigitalCompareFilterOffset               
0     003f1ac9  _PWM_setDigitalCompareFilterSource               
0     003f1ac6  _PWM_setDigitalCompareFilterWindow               
0     003f1ab7  _PWM_setDigitalCompareInput                      
0     003f1ab3  _PWM_setHighSpeedClkDiv                          
0     003f1aa9  _PWM_setHrControlMode                            
0     003f1a9f  _PWM_setHrEdgeMode                               
0     003f1a95  _PWM_setHrShadowMode                             
0     003f1a8e  _PWM_setIntMode                                  
0     003f1a87  _PWM_setIntPeriod                                
0     003f1a83  _PWM_setLoadMode_CmpA                            
0     003f1a7d  _PWM_setLoadMode_CmpB                            
0     003f1a7b  _PWM_setPeriod                                   
0     003f1a76  _PWM_setPeriodHr                                 
0     003f1a72  _PWM_setPeriodLoad                               
0     003f1a70  _PWM_setPhase                                    
0     003f1a6c  _PWM_setPhaseDir                                 
0     003f1a68  _PWM_setRunMode                                  
0     003f1a62  _PWM_setShadowMode_CmpA                          
0     003f1a5c  _PWM_setShadowMode_CmpB                          
0     003f1a53  _PWM_setSocAPeriod                               
0     003f1a4a  _PWM_setSocAPulseSrc                             
0     003f1a41  _PWM_setSocBPeriod                               
0     003f1a38  _PWM_setSocBPulseSrc                             
0     003f1a35  _PWM_setSwSync                                   
0     003f1a31  _PWM_setSyncMode                                 
0     003f1a27  _PWM_setTripZoneDCEventSelect_DCAEVT1            
0     003f1a1b  _PWM_setTripZoneDCEventSelect_DCAEVT2            
0     003f1a0f  _PWM_setTripZoneDCEventSelect_DCBEVT1            
0     003f1a03  _PWM_setTripZoneDCEventSelect_DCBEVT2            
0     003f19f7  _PWM_setTripZoneState_DCAEVT1                    
0     003f19eb  _PWM_setTripZoneState_DCAEVT2                    
0     003f19df  _PWM_setTripZoneState_DCBEVT1                    
0     003f19d3  _PWM_setTripZoneState_DCBEVT2                    
0     003f19c9  _PWM_setTripZoneState_TZA                        
0     003f19bd  _PWM_setTripZoneState_TZB                        
0     003f2c27  _PWR_disableBrownOutReset                        
0     003f2c1d  _PWR_disableWatchDogInt                          
0     003f2c1a  _PWR_enableBrownOutReset                         
0     003f2c10  _PWR_enableWatchDogInt                           
0     003f2c08  _PWR_init                                        
0     003f2bf7  _PWR_setLowPowerMode                             
0     003f2be6  _PWR_setNumStandByClocks                         
0     003e8036  _RamfuncsLoadEnd                                 
0     003e8000  _RamfuncsLoadStart                               
0     00008000  _RamfuncsRunStart                                
0     003f277e  _SPI_clearRxFifoInt                              
0     003f277a  _SPI_clearRxFifoOvf                              
0     003f2776  _SPI_clearTxFifoInt                              
0     003f2773  _SPI_disableInt                                  
0     003f2770  _SPI_disableLoopBack                             
0     003f276d  _SPI_disableOverRunInt                           
0     003f2769  _SPI_disableRxFifoInt                            
0     003f2766  _SPI_disableTx                                   
0     003f2762  _SPI_disableTxFifoEnh                            
0     003f275e  _SPI_disableTxFifoInt                            
0     003f275b  _SPI_enable                                      
0     003f2757  _SPI_enableChannels                              
0     003f2754  _SPI_enableInt                                   
0     003f2751  _SPI_enableLoopBack                              
0     003f274e  _SPI_enableOverRunInt                            
0     003f274a  _SPI_enableRxFifo                                
0     003f2746  _SPI_enableRxFifoInt                             
0     003f2743  _SPI_enableTx                                    
0     003f273f  _SPI_enableTxFifo                                
0     003f273b  _SPI_enableTxFifoEnh                             
0     003f2737  _SPI_enableTxFifoInt                             
0     003f2734  _SPI_getIntFlagStatus                            
0     003f2730  _SPI_getRxFifoStatus                             
0     003f272d  _SPI_getTxBufferStatus                           
0     003f2729  _SPI_getTxFifoStatus                             
0     003f2723  _SPI_init                                        
0     003f2720  _SPI_reset                                       
0     003f271c  _SPI_resetChannels                               
0     003f2718  _SPI_resetRxFifo                                 
0     003f2714  _SPI_resetTxFifo                                 
0     003f2712  _SPI_setBaudRate                                 
0     003f270e  _SPI_setCharLength                               
0     003f270c  _SPI_setClkPhase                                 
0     003f2708  _SPI_setClkPolarity                              
0     003f2706  _SPI_setMode                                     
0     003f26ff  _SPI_setPriority                                 
0     003f26f8  _SPI_setRxFifoIntLevel                           
0     003f26f1  _SPI_setSteInv                                   
0     003f26ea  _SPI_setSuspend                                  
0     003f26e3  _SPI_setTriWire                                  
0     003f26e0  _SPI_setTxDelay                                  
0     003f26d9  _SPI_setTxFifoIntLevel                           
0     003f2c59  _TIMER_clearFlag                                 
0     003f2c56  _TIMER_disableInt                                
0     003f2c53  _TIMER_enableInt                                 
0     003f2c50  _TIMER_getStatus                                 
0     003f2c4a  _TIMER_init                                      
0     003f2c3c  _TIMER_setDecimationFactor                       
0     003f2c38  _TIMER_setEmulationMode                          
0     003f2c2a  _TIMER_setPreScaler                              
0     003f14de  _USER_calcPIgains                                
0     003f14da  _USER_checkForErrors                             
0     003f14cc  _USER_computeFlux                                
0     003f1490  _USER_computeFlux_pu_to_VpHz_sf                  
0     003f1454  _USER_computeFlux_pu_to_Wb_sf                    
0     003f1418  _USER_computeTorque_Flux_Iq_pu_to_Nm_sf          
0     003f13de  _USER_computeTorque_Ls_Id_Iq_pu_to_Nm_sf         
0     003f1391  _USER_computeTorque_Nm                           
0     003f1339  _USER_computeTorque_lbin                         
0     003f1336  _USER_getErrorCode                               
0     003f1333  _USER_setErrorCode                               
0     003f11cc  _USER_setParams                                  
0     003f1149  _USER_softwareUpdate1p6                          
0     003f2bde  _WDOG_clearCounter                               
0     003f2bd6  _WDOG_disable                                    
0     003f2bd0  _WDOG_disableInt                                 
0     003f2bca  _WDOG_disableOverRide                            
0     003f2bc1  _WDOG_enable                                     
0     003f2bbb  _WDOG_enableInt                                  
0     003f2bb5  _WDOG_enableOverRide                             
0     003f2bb2  _WDOG_getIntStatus                               
0     003f2bac  _WDOG_init                                       
0     003f2baa  _WDOG_setCount                                   
0     003f2ba0  _WDOG_setPreScaler                               
0     003f2f64  __IQ24div                                        
0     003f2fab  __IQ24toF                                        
0     003f2fbf  __IQ30toF                                        
1     00000400  __STACK_END                                      
abs   000003b0  __STACK_SIZE                                     
1     00008dae  ___TI_cleanup_ptr                                
1     00008db0  ___TI_dtors_ptr                                  
1     00008dac  ___TI_enable_exit_profile_output                 
abs   ffffffff  ___TI_pprof_out_hndl                             
abs   ffffffff  ___TI_prof_data_size                             
abs   ffffffff  ___TI_prof_data_start                            
abs   ffffffff  ___binit__                                       
abs   ffffffff  ___c_args__                                      
0     003f2e8b  ___cinit__                                       
0     003f2e8b  ___etext__                                       
abs   ffffffff  ___pinit__                                       
0     003f0000  ___text__                                        
0     003f2e0a  __args_main                                      
1     00008db2  __lock                                           
0     003f2e7d  __nop                                            
0     003f2e79  __register_lock                                  
0     003f2e75  __register_unlock                                
1     00000050  __stack                                          
0     003f2e8a  __system_post_cinit                              
0     003f2e88  __system_pre_init                                
1     00008db4  __unlock                                         
0     003f2c89  _abort                                           
0     003f2b4c  _c_int00                                         
0     003f2976  _ceil                                            
0     003f2976  _ceilf                                           
0     003f2cfc  _copy_in                                         
0     003f2e6b  _copysign                                        
0     003f2e6b  _copysignf                                       
1     00008db8  _cpu                                             
1     00008f02  _dcBusCurrentOffset                              
1     00008f00  _dcBusCurrentOffsetCalibrationDone               
1     00008db9  _errno                                           
0     003f2c8b  _exit                                            
1     00008c0a  _gAdcData                                        
1     00008c00  _gLEDcnt                                         
1     00008c40  _gMotorVars                                      
1     00008c04  _gPwmData                                        
1     00008d00  _gUserParams                                     
1     00008f40  _hal                                             
1     00008c02  _halHandle                                       
0     003f29df  _ldexp                                           
0     003f29df  _ldexpf                                          
0     003f2e64  _local_D_INTCH1_ISR                              
0     003f2e5d  _local_D_INTCH2_ISR                              
0     003f21c8  _log                                             
0     003f21c8  _logf                                            
0     003f2a97  _main                                            
0     003f24bf  _mainISR                                         
0     003f2d9d  _memcpy                                          
0     003f159f  _pow                                             
0     003f159f  _powf                                            
1     00012080  _rx_buffer                                       
0     003f29df  _scalbn                                          
0     003f29df  _scalbnf                                         
0     003f2900  _sqrt                                            
0     003f2900  _sqrtf                                           
1     00012000  _tx_buffer                                       
0     00008032  _usDelay                                         
abs   ffffffff  binit                                            
0     003f2e8b  cinit                                            
0     003f2e8b  etext                                            
abs   ffffffff  pinit                                            


GLOBAL SYMBOLS: SORTED BY Symbol Address 

page  address   name                                             
----  -------   ----                                             
0     00008000  _FLASH_setStandbyWaitCount                       
0     00008000  _RamfuncsRunStart                                
0     00008005  _FLASH_setPowerMode                              
0     0000800c  _FLASH_setOtpWaitStates                          
0     00008013  _FLASH_setNumRandomReadWaitStates                
0     0000801a  _FLASH_setNumPagedReadWaitStates                 
0     00008021  _FLASH_setActiveWaitCount                        
0     00008026  _FLASH_enablePipelineMode                        
0     0000802c  _FLASH_disablePipelineMode                       
0     00008032  _usDelay                                         
0     003e8000  _RamfuncsLoadStart                               
0     003e8036  _RamfuncsLoadEnd                                 
0     003f0000  .text                                            
0     003f0000  _HAL_setupTimers                                 
0     003f0000  ___text__                                        
0     003f003b  _HAL_setupSpiB                                   
0     003f0071  _HAL_setupSpiA                                   
0     003f00a7  _HAL_setupPwms                                   
0     003f017f  _HAL_setupPwmDacs                                
0     003f0202  _HAL_setupPll                                    
0     003f0241  _HAL_setupPie                                    
0     003f025d  _HAL_setupPeripheralClks                         
0     003f02b7  _HAL_setupMcBSPA                                 
0     003f030a  _HAL_setupGpios                                  
0     003f04f1  _HAL_setupFlash                                  
0     003f050f  _HAL_setupFaults                                 
0     003f052d  _HAL_setupDMA                                    
0     003f05c5  _HAL_setupClks                                   
0     003f05e1  _HAL_setupAdcs                                   
0     003f071d  _HAL_AdcCalChanSelect                            
0     003f0774  _HAL_AdcCalConversion                            
0     003f08cc  _HAL_AdcOffsetSelfCal                            
0     003f08ff  _HAL_getOscTrimValue                             
0     003f0912  _HAL_osc1Comp                                    
0     003f0952  _HAL_osc2Comp                                    
0     003f0992  _HAL_OscTempComp                                 
0     003f09e7  _HAL_cal                                         
0     003f09fe  _HAL_setParams                                   
0     003f0b33  _HAL_disableWdog                                 
0     003f0b38  _HAL_init                                        
0     003f0c05  _HAL_getDCbusCurrentOffsetCalibrationDone        
0     003f0c09  _HAL_getDCbusCurrentOffset                       
0     003f0c14  _HAL_enableTimer0Int                             
0     003f0c24  _HAL_enablePwmInt                                
0     003f0c35  _HAL_enableGlobalInts                            
0     003f0c39  _HAL_enableDebugInt                              
0     003f0c3d  _HAL_enableAdcInts                               
0     003f0c4f  _HAL_disableGlobalInts                           
0     003f0c53  _HAL_calculateOffsetDCBusCurrent                 
0     003f0c99  _DMA_stop                                        
0     003f0cc2  _DMA_run                                         
0     003f0ceb  _DMA_priorityReset                               
0     003f0cf1  _DMA_init                                        
0     003f0cf7  _DMA_hardReset                                   
0     003f0cfe  _DMA_enableFREE                                  
0     003f0d04  _DMA_enableChannelInterrupt                      
0     003f0d2d  _DMA_disableFREE                                 
0     003f0d33  _DMA_disableChannelInterrupt                     
0     003f0d5c  _DMA_WrapConfig                                  
0     003f0da6  _DMA_TransferConfig                              
0     003f0de3  _DMA_SoftReset                                   
0     003f0e1d  _DMA_ModeConfig                                  
0     003f10b7  _DMA_CH1normalMode                               
0     003f10bd  _DMA_CH1highPriorityMode                         
0     003f10c3  _DMA_BurstConfig                                 
0     003f1100  _DMA_AddrConfig                                  
0     003f1149  _USER_softwareUpdate1p6                          
0     003f11cc  _USER_setParams                                  
0     003f1333  _USER_setErrorCode                               
0     003f1336  _USER_getErrorCode                               
0     003f1339  _USER_computeTorque_lbin                         
0     003f1391  _USER_computeTorque_Nm                           
0     003f13de  _USER_computeTorque_Ls_Id_Iq_pu_to_Nm_sf         
0     003f1418  _USER_computeTorque_Flux_Iq_pu_to_Nm_sf          
0     003f1454  _USER_computeFlux_pu_to_Wb_sf                    
0     003f1490  _USER_computeFlux_pu_to_VpHz_sf                  
0     003f14cc  _USER_computeFlux                                
0     003f14da  _USER_checkForErrors                             
0     003f14de  _USER_calcPIgains                                
0     003f159f  _pow                                             
0     003f159f  _powf                                            
0     003f19bd  _PWM_setTripZoneState_TZB                        
0     003f19c9  _PWM_setTripZoneState_TZA                        
0     003f19d3  _PWM_setTripZoneState_DCBEVT2                    
0     003f19df  _PWM_setTripZoneState_DCBEVT1                    
0     003f19eb  _PWM_setTripZoneState_DCAEVT2                    
0     003f19f7  _PWM_setTripZoneState_DCAEVT1                    
0     003f1a03  _PWM_setTripZoneDCEventSelect_DCBEVT2            
0     003f1a0f  _PWM_setTripZoneDCEventSelect_DCBEVT1            
0     003f1a1b  _PWM_setTripZoneDCEventSelect_DCAEVT2            
0     003f1a27  _PWM_setTripZoneDCEventSelect_DCAEVT1            
0     003f1a31  _PWM_setSyncMode                                 
0     003f1a35  _PWM_setSwSync                                   
0     003f1a38  _PWM_setSocBPulseSrc                             
0     003f1a41  _PWM_setSocBPeriod                               
0     003f1a4a  _PWM_setSocAPulseSrc                             
0     003f1a53  _PWM_setSocAPeriod                               
0     003f1a5c  _PWM_setShadowMode_CmpB                          
0     003f1a62  _PWM_setShadowMode_CmpA                          
0     003f1a68  _PWM_setRunMode                                  
0     003f1a6c  _PWM_setPhaseDir                                 
0     003f1a70  _PWM_setPhase                                    
0     003f1a72  _PWM_setPeriodLoad                               
0     003f1a76  _PWM_setPeriodHr                                 
0     003f1a7b  _PWM_setPeriod                                   
0     003f1a7d  _PWM_setLoadMode_CmpB                            
0     003f1a83  _PWM_setLoadMode_CmpA                            
0     003f1a87  _PWM_setIntPeriod                                
0     003f1a8e  _PWM_setIntMode                                  
0     003f1a95  _PWM_setHrShadowMode                             
0     003f1a9f  _PWM_setHrEdgeMode                               
0     003f1aa9  _PWM_setHrControlMode                            
0     003f1ab3  _PWM_setHighSpeedClkDiv                          
0     003f1ab7  _PWM_setDigitalCompareInput                      
0     003f1ac6  _PWM_setDigitalCompareFilterWindow               
0     003f1ac9  _PWM_setDigitalCompareFilterSource               
0     003f1ad3  _PWM_setDigitalCompareFilterOffset               
0     003f1ad6  _PWM_setDigitalCompareBlankingPulse              
0     003f1ae2  _PWM_setDigitalCompareBEvent2                    
0     003f1af2  _PWM_setDigitalCompareBEvent1                    
0     003f1b0c  _PWM_setDigitalCompareAEvent2                    
0     003f1b1c  _PWM_setDigitalCompareAEvent1                    
0     003f1b36  _PWM_setDeadBandRisingEdgeDelay                  
0     003f1b39  _PWM_setDeadBandPolarity                         
0     003f1b40  _PWM_setDeadBandOutputMode                       
0     003f1b47  _PWM_setDeadBandInputMode                        
0     003f1b4e  _PWM_setDeadBandFallingEdgeDelay                 
0     003f1b51  _PWM_setCounterMode                              
0     003f1b55  _PWM_setCount                                    
0     003f1b57  _PWM_setClkDiv                                   
0     003f1b5b  _PWM_setChoppingPulseWidth                       
0     003f1b62  _PWM_setChoppingDutyCycle                        
0     003f1b69  _PWM_setChoppingClkFreq                          
0     003f1b70  _PWM_setActionQual_Zero_PwmB                     
0     003f1b77  _PWM_setActionQual_Zero_PwmA                     
0     003f1b7e  _PWM_setActionQual_Period_PwmB                   
0     003f1b87  _PWM_setActionQual_Period_PwmA                   
0     003f1b90  _PWM_setActionQual_CntUp_CmpB_PwmB               
0     003f1b99  _PWM_setActionQual_CntUp_CmpB_PwmA               
0     003f1ba2  _PWM_setActionQual_CntUp_CmpA_PwmB               
0     003f1bab  _PWM_setActionQual_CntUp_CmpA_PwmA               
0     003f1bb4  _PWM_setActionQual_CntDown_CmpB_PwmB             
0     003f1bbd  _PWM_setActionQual_CntDown_CmpB_PwmA             
0     003f1bc6  _PWM_setActionQual_CntDown_CmpA_PwmB             
0     003f1bcf  _PWM_setActionQual_CntDown_CmpA_PwmA             
0     003f1bd8  _PWM_setActionQualContSWForce_PwmB               
0     003f1be1  _PWM_setActionQualContSWForce_PwmA               
0     003f1be8  _PWM_init                                        
0     003f1bee  _PWM_incrementDeadBandRisingEdgeDelay            
0     003f1bf1  _PWM_incrementDeadBandFallingEdgeDelay           
0     003f1bf4  _PWM_getSocBCount                                
0     003f1bf9  _PWM_getSocACount                                
0     003f1bfe  _PWM_getShadowStatus_CmpB                        
0     003f1c02  _PWM_getShadowStatus_CmpA                        
0     003f1c06  _PWM_getIntCount                                 
0     003f1c0a  _PWM_getDeadBandRisingEdgeDelay                  
0     003f1c0d  _PWM_getDeadBandFallingEdgeDelay                 
0     003f1c10  _PWM_enableTripZoneSrc                           
0     003f1c16  _PWM_enableTripZoneInt                           
0     003f1c1c  _PWM_enableSocBPulse                             
0     003f1c20  _PWM_enableSocAPulse                             
0     003f1c24  _PWM_enableInt                                   
0     003f1c28  _PWM_enableHrPhaseSync                           
0     003f1c2f  _PWM_enableHrPeriod                              
0     003f1c36  _PWM_enableDigitalCompareBlankingWindowInversion 
0     003f1c3d  _PWM_enableDigitalCompareBlankingWindow          
0     003f1c44  _PWM_enableDeadBandHalfCycle                     
0     003f1c48  _PWM_enableCounterLoad                           
0     003f1c4b  _PWM_enableChopping                              
0     003f1c4f  _PWM_enableAutoConvert                           
0     003f1c56  _PWM_disableTripZones                            
0     003f1c5c  _PWM_disableTripZoneSrc                          
0     003f1c63  _PWM_disableTripZoneInt                          
0     003f1c6a  _PWM_disableSocBPulse                            
0     003f1c6e  _PWM_disableSocAPulse                            
0     003f1c72  _PWM_disableInt                                  
0     003f1c76  _PWM_disableHrPhaseSync                          
0     003f1c7d  _PWM_disableHrPeriod                             
0     003f1c84  _PWM_disableDigitalCompareBlankingWindowInversion
0     003f1c8b  _PWM_disableDigitalCompareBlankingWindow         
0     003f1c92  _PWM_disableDeadBandHalfCycle                    
0     003f1c96  _PWM_disableDeadBand                             
0     003f1c99  _PWM_disableCounterLoad                          
0     003f1c9c  _PWM_disableChopping                             
0     003f1ca0  _PWM_disableAutoConvert                          
0     003f1ca7  _PWM_decrementDeadBandRisingEdgeDelay            
0     003f1caa  _PWM_decrementDeadBandFallingEdgeDelay           
0     003f1cad  _PWM_clearTripZone                               
0     003f1cb3  _ADC_setupSocTrigSrc                             
0     003f1cde  _ADC_setVoltRefSrc                               
0     003f1cef  _ADC_setTempSensorSrc                            
0     003f1d00  _ADC_setSocTrigSrc                               
0     003f1d14  _ADC_setSocSampleDelay                           
0     003f1d28  _ADC_setSocFrcWord                               
0     003f1d2f  _ADC_setSocFrc                                   
0     003f1d39  _ADC_setSocChanNumber                            
0     003f1d4d  _ADC_setSampleOverlapMode                        
0     003f1d60  _ADC_setSampleMode                               
0     003f1d77  _ADC_setOffTrim                                  
0     003f1d7e  _ADC_setIntSrc                                   
0     003f1d9f  _ADC_setIntPulseGenMode                          
0     003f1db0  _ADC_setIntMode                                  
0     003f1dd1  _ADC_setDivideSelect                             
0     003f1de2  _ADC_reset                                       
0     003f1dec  _ADC_powerUp                                     
0     003f1df6  _ADC_powerDown                                   
0     003f1e00  _ADC_init                                        
0     003f1e08  _ADC_getDivideSelect                             
0     003f1e10  _ADC_enableVoltRefLoConv                         
0     003f1e1a  _ADC_enableRefBuffers                            
0     003f1e24  _ADC_enableNoOverlapMode                         
0     003f1e2e  _ADC_enableInt                                   
0     003f1e44  _ADC_enableBandGap                               
0     003f1e4e  _ADC_enable                                      
0     003f1e58  _ADC_disableVoltRefLoConv                        
0     003f1e62  _ADC_disableRefBuffers                           
0     003f1e6c  _ADC_disableNoOverlapMode                        
0     003f1e76  _ADC_disableInt                                  
0     003f1e8d  _ADC_disableBandGap                              
0     003f1e97  _ADC_disable                                     
0     003f1ea1  _CLK_setXClkInSrc                                
0     003f1ea8  _CLK_setWatchDogSrc                              
0     003f1eaf  _CLK_setTimer2Src                                
0     003f1eb6  _CLK_setTimer2PreScale                           
0     003f1ebd  _CLK_setOscSrc                                   
0     003f1ec4  _CLK_setOsc2Src                                  
0     003f1ecb  _CLK_setLowSpdPreScaler                          
0     003f1ed1  _CLK_setClkOutPreScaler                          
0     003f1ed8  _CLK_init                                        
0     003f1ede  _CLK_enableWatchDogHaltMode                      
0     003f1ee4  _CLK_enableTbClockSync                           
0     003f1eeb  _CLK_enableSpibClock                             
0     003f1ef2  _CLK_enableSpiaClock                             
0     003f1ef9  _CLK_enableScibClock                             
0     003f1f00  _CLK_enableSciaClock                             
0     003f1f07  _CLK_enablePwmClock                              
0     003f1f10  _CLK_enableOsc2HaltMode                          
0     003f1f16  _CLK_enableOsc2                                  
0     003f1f1c  _CLK_enableOsc1HaltMode                          
0     003f1f22  _CLK_enableOsc1                                  
0     003f1f28  _CLK_enableMcBSPAClock                           
0     003f1f2f  _CLK_enableLinAClock                             
0     003f1f36  _CLK_enableI2cClock                              
0     003f1f3d  _CLK_enableHrPwmClock                            
0     003f1f44  _CLK_enableGpioInputClock                        
0     003f1f4b  _CLK_enableEqep2Clock                            
0     003f1f52  _CLK_enableEqep1Clock                            
0     003f1f59  _CLK_enableEcap1Clock                            
0     003f1f60  _CLK_enableEcanaClock                            
0     003f1f67  _CLK_enableDMAClock                              
0     003f1f6e  _CLK_enableCrystalOsc                            
0     003f1f74  _CLK_enableCpuTimerClock                         
0     003f1f7a  _CLK_enableCompClock                             
0     003f1f80  _CLK_enableClkIn                                 
0     003f1f86  _CLK_enableClaClock                              
0     003f1f8d  _CLK_enableAdcClock                              
0     003f1f94  _CLK_disableWatchDogHaltMode                     
0     003f1f9a  _CLK_disableTbClockSync                          
0     003f1fa1  _CLK_disableSpibClock                            
0     003f1fa5  _CLK_disableSpiaClock                            
0     003f1fac  _CLK_disableScibClock                            
0     003f1fb3  _CLK_disableSciaClock                            
0     003f1fba  _CLK_disablePwmClock                             
0     003f1fc4  _CLK_disableOsc2HaltMode                         
0     003f1fca  _CLK_disableOsc2                                 
0     003f1fd0  _CLK_disableOsc1HaltMode                         
0     003f1fd6  _CLK_disableOsc1                                 
0     003f1fdc  _CLK_disableLinAClock                            
0     003f1fe3  _CLK_disableI2cClock                             
0     003f1fea  _CLK_disableHrPwmClock                           
0     003f1ff1  _CLK_disableGpioInputClock                       
0     003f1ff8  _CLK_disableEqep2Clock                           
0     003f1fff  _CLK_disableEqep1Clock                           
0     003f2006  _CLK_disableEcap1Clock                           
0     003f200d  _CLK_disableEcanaClock                           
0     003f2014  _CLK_disableCrystalOsc                           
0     003f201a  _CLK_disableCpuTimerClock                        
0     003f2021  _CLK_disableCompClock                            
0     003f2025  _CLK_disableClkIn                                
0     003f202b  _CLK_disableClaClock                             
0     003f2032  _CLK_disableAdcClock                             
0     003f2039  _MCBSP_resetReceiver                             
0     003f203c  _MCBSP_resetTransmitter                          
0     003f203f  _McBSP_stop                                      
0     003f2044  _MCBSP_resetReleaseReceiver                      
0     003f2047  _MCBSP_resetReleaseTransmitter                   
0     003f204a  _McBSP_run                                       
0     003f204f  _MCBSP_setTransmitWordLength1                    
0     003f208e  _MCBSP_setTransmitFrameSynchronizationMode       
0     003f209a  _MCBSP_setTransmitFrameSyncPolarity              
0     003f20a6  _MCBSP_setTransmitDataDelay                      
0     003f20b0  _MCBSP_setTransmitClockPolarity                  
0     003f20bc  _MCBSP_setTransmitClockMode                      
0     003f20c8  _MCBSP_setSRGClockDivider                        
0     003f20d1  _MCBSP_setReceiveWordLength1                     
0     003f20fe  _MCBSP_setReceiveFrameSynchronizationMode        
0     003f210a  _MCBSP_setReceiveFrameSyncPolarity               
0     003f2116  _MCBSP_setReceiveDataDelay                       
0     003f212b  _MCBSP_setReceiveClockPolarity                   
0     003f2137  _MCBSP_setReceiveClockMode                       
0     003f2143  _MCBSP_setClockStopMode                          
0     003f2158  _MCBSP_setMode                                   
0     003f2193  _MCBSP_sampleRateGeneratorInputClockMode         
0     003f21ae  _MCBSP_resetSampleRateGenerator                  
0     003f21b1  _MCBSP_resetReleaseSampleRateGenerator           
0     003f21b4  _MCBSP_resetReleaseFrameSynchronizationLogic     
0     003f21b7  _MCBSP_resetFrameSynchronizationLogic            
0     003f21ba  _MCBSP_init                                      
0     003f21c0  _MCBSP_getClockDiv                               
0     003f21c5  _MCBSP_InitDelayLoop                             
0     003f21c8  _log                                             
0     003f21c8  _logf                                            
0     003f234f  _GPIO_toggle                                     
0     003f235f  _GPIO_setQualificationPeriod                     
0     003f23a6  _GPIO_setQualification                           
0     003f23e3  _GPIO_setPullup                                  
0     003f23fd  _GPIO_setPortData                                
0     003f240a  _GPIO_setMode                                    
0     003f243e  _GPIO_setLow                                     
0     003f244e  _GPIO_setHigh                                    
0     003f245e  _GPIO_setExtInt                                  
0     003f2469  _GPIO_setDirection                               
0     003f2483  _GPIO_read                                       
0     003f2496  _GPIO_lpmSelect                                  
0     003f24a0  _GPIO_init                                       
0     003f24a6  _GPIO_getPortData                                
0     003f24b1  _GPIO_getData                                    
0     003f24bf  _mainISR                                         
0     003f25da  _PIE_unregisterSystemIntHandler                  
0     003f25e7  _PIE_unregisterPieIntHandler                     
0     003f25fa  _PIE_setExtIntPolarity                           
0     003f260b  _PIE_setDefaultIntVectorTable                    
0     003f2616  _PIE_registerSystemIntHandler                    
0     003f2621  _PIE_registerPieIntHandler                       
0     003f2632  _PIE_init                                        
0     003f263a  _PIE_getIntFlags                                 
0     003f2641  _PIE_getIntEnables                               
0     003f2648  _PIE_getExtIntCount                              
0     003f2650  _PIE_forceInt                                    
0     003f2659  _PIE_enableTimer0Int                             
0     003f265c  _PIE_enablePwmTzInt                              
0     003f2661  _PIE_enablePwmInt                                
0     003f2666  _PIE_enableInt                                   
0     003f266f  _PIE_enableExtInt                                
0     003f268b  _PIE_enableCaptureInt                            
0     003f268f  _PIE_enableAdcInt                                
0     003f26ab  _PIE_enable                                      
0     003f26ae  _PIE_disableInt                                  
0     003f26b8  _PIE_disableExtInt                               
0     003f26c1  _PIE_disableCaptureInt                           
0     003f26c5  _PIE_disableAllInts                              
0     003f26cc  _PIE_disable                                     
0     003f26cf  _PIE_clearAllInts                                
0     003f26d2  _PIE_clearAllFlags                               
0     003f26d9  _SPI_setTxFifoIntLevel                           
0     003f26e0  _SPI_setTxDelay                                  
0     003f26e3  _SPI_setTriWire                                  
0     003f26ea  _SPI_setSuspend                                  
0     003f26f1  _SPI_setSteInv                                   
0     003f26f8  _SPI_setRxFifoIntLevel                           
0     003f26ff  _SPI_setPriority                                 
0     003f2706  _SPI_setMode                                     
0     003f2708  _SPI_setClkPolarity                              
0     003f270c  _SPI_setClkPhase                                 
0     003f270e  _SPI_setCharLength                               
0     003f2712  _SPI_setBaudRate                                 
0     003f2714  _SPI_resetTxFifo                                 
0     003f2718  _SPI_resetRxFifo                                 
0     003f271c  _SPI_resetChannels                               
0     003f2720  _SPI_reset                                       
0     003f2723  _SPI_init                                        
0     003f2729  _SPI_getTxFifoStatus                             
0     003f272d  _SPI_getTxBufferStatus                           
0     003f2730  _SPI_getRxFifoStatus                             
0     003f2734  _SPI_getIntFlagStatus                            
0     003f2737  _SPI_enableTxFifoInt                             
0     003f273b  _SPI_enableTxFifoEnh                             
0     003f273f  _SPI_enableTxFifo                                
0     003f2743  _SPI_enableTx                                    
0     003f2746  _SPI_enableRxFifoInt                             
0     003f274a  _SPI_enableRxFifo                                
0     003f274e  _SPI_enableOverRunInt                            
0     003f2751  _SPI_enableLoopBack                              
0     003f2754  _SPI_enableInt                                   
0     003f2757  _SPI_enableChannels                              
0     003f275b  _SPI_enable                                      
0     003f275e  _SPI_disableTxFifoInt                            
0     003f2762  _SPI_disableTxFifoEnh                            
0     003f2766  _SPI_disableTx                                   
0     003f2769  _SPI_disableRxFifoInt                            
0     003f276d  _SPI_disableOverRunInt                           
0     003f2770  _SPI_disableLoopBack                             
0     003f2773  _SPI_disableInt                                  
0     003f2776  _SPI_clearTxFifoInt                              
0     003f277a  _SPI_clearRxFifoOvf                              
0     003f277e  _SPI_clearRxFifoInt                              
0     003f2782  FD$$MPY                                          
0     003f2805  FS$$DIV                                          
0     003f2888  FS$$SUB                                          
0     003f288d  FS$$ADD                                          
0     003f2900  _sqrt                                            
0     003f2900  _sqrtf                                           
0     003f2976  _ceil                                            
0     003f2976  _ceilf                                           
0     003f29df  _ldexp                                           
0     003f29df  _ldexpf                                          
0     003f29df  _scalbn                                          
0     003f29df  _scalbnf                                         
0     003f2a3c  _PLL_setLockPeriod                               
0     003f2a41  _PLL_setDivideSelect                             
0     003f2a48  _PLL_setClkFreq                                  
0     003f2a4e  _PLL_resetClkDetect                              
0     003f2a54  _PLL_init                                        
0     003f2a5a  _PLL_getLockStatus                               
0     003f2a5d  _PLL_getDivideSelect                             
0     003f2a60  _PLL_getClkStatus                                
0     003f2a63  _PLL_getClkFreq                                  
0     003f2a67  _PLL_enableOsc                                   
0     003f2a6d  _PLL_enableNormRdy                               
0     003f2a73  _PLL_enableClkDetect                             
0     003f2a79  _PLL_enable                                      
0     003f2a7f  _PLL_disableOsc                                  
0     003f2a85  _PLL_disableNormRdy                              
0     003f2a8b  _PLL_disableClkDetect                            
0     003f2a91  _PLL_disable                                     
0     003f2a97  _main                                            
0     003f2af2  FS$$MPY                                          
0     003f2b4c  _c_int00                                         
0     003f2ba0  _WDOG_setPreScaler                               
0     003f2baa  _WDOG_setCount                                   
0     003f2bac  _WDOG_init                                       
0     003f2bb2  _WDOG_getIntStatus                               
0     003f2bb5  _WDOG_enableOverRide                             
0     003f2bbb  _WDOG_enableInt                                  
0     003f2bc1  _WDOG_enable                                     
0     003f2bca  _WDOG_disableOverRide                            
0     003f2bd0  _WDOG_disableInt                                 
0     003f2bd6  _WDOG_disable                                    
0     003f2bde  _WDOG_clearCounter                               
0     003f2be6  _PWR_setNumStandByClocks                         
0     003f2bf7  _PWR_setLowPowerMode                             
0     003f2c08  _PWR_init                                        
0     003f2c10  _PWR_enableWatchDogInt                           
0     003f2c1a  _PWR_enableBrownOutReset                         
0     003f2c1d  _PWR_disableWatchDogInt                          
0     003f2c27  _PWR_disableBrownOutReset                        
0     003f2c2a  _TIMER_setPreScaler                              
0     003f2c38  _TIMER_setEmulationMode                          
0     003f2c3c  _TIMER_setDecimationFactor                       
0     003f2c4a  _TIMER_init                                      
0     003f2c50  _TIMER_getStatus                                 
0     003f2c53  _TIMER_enableInt                                 
0     003f2c56  _TIMER_disableInt                                
0     003f2c59  _TIMER_clearFlag                                 
0     003f2c5c  _OSC_setTrim                                     
0     003f2c65  _OSC_setFineTrim                                 
0     003f2c76  _OSC_setCoarseTrim                               
0     003f2c83  _OSC_init                                        
0     003f2c89  C$$EXIT                                          
0     003f2c89  _abort                                           
0     003f2c8b  _exit                                            
0     003f2cb2  _CPU_init                                        
0     003f2cb6  _CPU_enableProtectedRegisterWrite                
0     003f2cb9  _CPU_enableInt                                   
0     003f2cbd  _CPU_enableGlobalInts                            
0     003f2cc0  _CPU_enableDebugInt                              
0     003f2cc3  _CPU_disableProtectedRegisterWrite               
0     003f2cc6  _CPU_disableInts                                 
0     003f2cc9  _CPU_disableInt                                  
0     003f2cce  _CPU_disableGlobalInts                           
0     003f2cd1  _CPU_disableDebugInt                             
0     003f2cd4  _CPU_clearIntFlags                               
0     003f2cd7  FS$$TOI                                          
0     003f2cfc  _copy_in                                         
0     003f2d20  FS$$TOUL                                         
0     003f2d41  _FLASH_init                                      
0     003f2d47  _FLASH_getStandbyWaitStatus                      
0     003f2d4b  _FLASH_getStandbyWaitCount                       
0     003f2d4e  _FLASH_getPowerMode                              
0     003f2d51  _FLASH_getActiveWaitStatus                       
0     003f2d55  _FLASH_getActiveWaitCount                        
0     003f2d58  _FLASH_get3VStatus                               
0     003f2d5b  _FLASH_clear3VStatus                             
0     003f2d61  FD$$TOL                                          
0     003f2d80  FS$$TOU                                          
0     003f2d9d  _memcpy                                          
0     003f2dba  FS$$TOFD                                         
0     003f2dd6  I$$TOFS                                          
0     003f2df0  L$$TOFS                                          
0     003f2e0a  __args_main                                      
0     003f2e23  FS$$CMP                                          
0     003f2e3a  UL$$TOFS                                         
0     003f2e4d  U$$TOFS                                          
0     003f2e5d  _local_D_INTCH2_ISR                              
0     003f2e64  _local_D_INTCH1_ISR                              
0     003f2e6b  _copysign                                        
0     003f2e6b  _copysignf                                       
0     003f2e75  __register_unlock                                
0     003f2e79  __register_lock                                  
0     003f2e7d  __nop                                            
0     003f2e7e  _PIE_illegalIsr                                  
0     003f2e83  FS$$NEG                                          
0     003f2e88  __system_pre_init                                
0     003f2e8a  __system_post_cinit                              
0     003f2e8b  ___cinit__                                       
0     003f2e8b  ___etext__                                       
0     003f2e8b  cinit                                            
0     003f2e8b  etext                                            
0     003f2f64  __IQ24div                                        
0     003f2fab  __IQ24toF                                        
0     003f2fbf  __IQ30toF                                        
0     003fdc30  _IQsinTable                                      
0     003fdd30  _IQcosTable                                      
0     003fe030  _IQsinTableEnd                                   
0     003fe132  _IQcosTableEnd                                   
0     003fe132  _IQdivRoundSatTable                              
0     003fe140  _IQdivTable                                      
0     003fe342  _IQdivTableEnd                                   
0     003fe342  _IQisqrtRoundSatTable                            
0     003fe342  _IQsqrtRoundSatTable                             
0     003fe352  _IQisqrtTable                                    
0     003fe352  _IQsqrtTable                                     
0     003fe454  _IQatan2HalfPITable                              
0     003fe454  _IQisqrtTableEnd                                 
0     003fe454  _IQsqrtTableEnd                                  
0     003fe492  _IQatan2Table                                    
0     003fe618  _IQ30mpyRndSatTable                              
0     003fe618  _IQatan2TableEnd                                 
0     003fe618  _IQmpyRndSatTable                                
0     003fe624  _IQ29mpyRndSatTable                              
0     003fe630  _IQ28mpyRndSatTable                              
0     003fe63c  _IQ27mpyRndSatTable                              
0     003fe648  _IQ26mpyRndSatTable                              
0     003fe654  _IQ25mpyRndSatTable                              
0     003fe660  _IQ24mpyRndSatTable                              
0     003fe66c  _IQ23mpyRndSatTable                              
0     003fe678  _IQ22mpyRndSatTable                              
0     003fe684  _IQ21mpyRndSatTable                              
0     003fe690  _IQ20mpyRndSatTable                              
0     003fe69c  _IQ19mpyRndSatTable                              
0     003fe6a8  _IQ18mpyRndSatTable                              
0     003fe6b4  _IQ17mpyRndSatTable                              
0     003fe6c0  _IQ16mpyRndSatTable                              
0     003fe6cc  _IQ15mpyRndSatTable                              
0     003fe6d8  _IQ14mpyRndSatTable                              
0     003fe6e4  _IQ13mpyRndSatTable                              
0     003fe6f0  _IQ12mpyRndSatTable                              
0     003fe6fc  _IQ11mpyRndSatTable                              
0     003fe708  _IQ10mpyRndSatTable                              
0     003fe714  _IQ9mpyRndSatTable                               
0     003fe720  _IQ8mpyRndSatTable                               
0     003fe72c  _IQ7mpyRndSatTable                               
0     003fe738  _IQ6mpyRndSatTable                               
0     003fe744  _IQ5mpyRndSatTable                               
0     003fe750  _IQ4mpyRndSatTable                               
0     003fe75c  _IQ3mpyRndSatTable                               
0     003fe768  _IQ2mpyRndSatTable                               
0     003fe774  _IQ1mpyRndSatTable                               
0     003fe780  _IQmpyRndSatTableEnd                             
1     00000050  __stack                                          
1     00000400  __STACK_END                                      
1     00008c00  _gLEDcnt                                         
1     00008c02  _halHandle                                       
1     00008c04  _gPwmData                                        
1     00008c0a  _gAdcData                                        
1     00008c40  _gMotorVars                                      
1     00008d00  _gUserParams                                     
1     00008dac  ___TI_enable_exit_profile_output                 
1     00008dae  ___TI_cleanup_ptr                                
1     00008db0  ___TI_dtors_ptr                                  
1     00008db2  __lock                                           
1     00008db4  __unlock                                         
1     00008db8  _cpu                                             
1     00008db9  _errno                                           
1     00008f00  _dcBusCurrentOffsetCalibrationDone               
1     00008f02  _dcBusCurrentOffset                              
1     00008f40  _hal                                             
1     00012000  _tx_buffer                                       
1     00012080  _rx_buffer                                       
abs   000003b0  __STACK_SIZE                                     
abs   003f8ae7  _EST_setLs_q_pu                                  
abs   003f8af1  _EST_setLs_qFmt                                  
abs   003f8b45  _EST_setLs_d_pu                                  
abs   003f9513  _EST_getRs_Ohm                                   
abs   003f95c9  _EST_getLs_q_pu                                  
abs   003f95ce  _EST_getLs_q_H                                   
abs   003f95f0  _EST_getLs_d_pu                                  
abs   003f95f5  _EST_getLs_d_H                                   
abs   003f95ff  _EST_getLs_coarse_max_pu                         
abs   003f96ab  _EST_getFlux_pu                                  
abs   003fa83e  _CTRL_setGains                                   
abs   003fb4bb  _OFFSET_setOffset                                
abs   003fb4bd  _OFFSET_setInitCond                              
abs   003fb4c6  _OFFSET_setBeta                                  
abs   003fb4dc  _OFFSET_init                                     
abs   ffffffff  ___TI_pprof_out_hndl                             
abs   ffffffff  ___TI_prof_data_size                             
abs   ffffffff  ___TI_prof_data_start                            
abs   ffffffff  ___binit__                                       
abs   ffffffff  ___c_args__                                      
abs   ffffffff  ___pinit__                                       
abs   ffffffff  binit                                            
abs   ffffffff  pinit                                            

[603 symbols]
