<?xml version="1.0" encoding="ISO-8859-1" ?>
<link_info>
   <banner>TMS320C2000 Linker Unix v18.1.2.LTS</banner>
   <copyright>Copyright (c) 1996-2017 Texas Instruments Incorporated</copyright>
   <link_time>0x5b2cb279</link_time>
   <link_errors>0x0</link_errors>
   <output_file>proj_lab01.out</output_file>
   <entry_point>
      <name>_c_int00</name>
      <address>0x3f2b4c</address>
   </entry_point>
   <input_file_list>
      <input_file id="fl-4">
         <path>./</path>
         <kind>object</kind>
         <file>SPImcBSP.obj</file>
         <name>SPImcBSP.obj</name>
      </input_file>
      <input_file id="fl-5">
         <path>./</path>
         <kind>object</kind>
         <file>adc.obj</file>
         <name>adc.obj</name>
      </input_file>
      <input_file id="fl-6">
         <path>./</path>
         <kind>object</kind>
         <file>clk.obj</file>
         <name>clk.obj</name>
      </input_file>
      <input_file id="fl-7">
         <path>./</path>
         <kind>object</kind>
         <file>cpu.obj</file>
         <name>cpu.obj</name>
      </input_file>
      <input_file id="fl-8">
         <path>./</path>
         <kind>object</kind>
         <file>dma.obj</file>
         <name>dma.obj</name>
      </input_file>
      <input_file id="fl-9">
         <path>./</path>
         <kind>object</kind>
         <file>drv8301.obj</file>
         <name>drv8301.obj</name>
      </input_file>
      <input_file id="fl-a">
         <path>./</path>
         <kind>object</kind>
         <file>flash.obj</file>
         <name>flash.obj</name>
      </input_file>
      <input_file id="fl-b">
         <path>./</path>
         <kind>object</kind>
         <file>gpio.obj</file>
         <name>gpio.obj</name>
      </input_file>
      <input_file id="fl-c">
         <path>./</path>
         <kind>object</kind>
         <file>hal.obj</file>
         <name>hal.obj</name>
      </input_file>
      <input_file id="fl-d">
         <path>./</path>
         <kind>object</kind>
         <file>memCopy.obj</file>
         <name>memCopy.obj</name>
      </input_file>
      <input_file id="fl-e">
         <path>./</path>
         <kind>object</kind>
         <file>osc.obj</file>
         <name>osc.obj</name>
      </input_file>
      <input_file id="fl-f">
         <path>./</path>
         <kind>object</kind>
         <file>pie.obj</file>
         <name>pie.obj</name>
      </input_file>
      <input_file id="fl-10">
         <path>./</path>
         <kind>object</kind>
         <file>pll.obj</file>
         <name>pll.obj</name>
      </input_file>
      <input_file id="fl-11">
         <path>./</path>
         <kind>object</kind>
         <file>proj_lab01.obj</file>
         <name>proj_lab01.obj</name>
      </input_file>
      <input_file id="fl-12">
         <path>./</path>
         <kind>object</kind>
         <file>pwm.obj</file>
         <name>pwm.obj</name>
      </input_file>
      <input_file id="fl-13">
         <path>./</path>
         <kind>object</kind>
         <file>pwr.obj</file>
         <name>pwr.obj</name>
      </input_file>
      <input_file id="fl-14">
         <path>./</path>
         <kind>object</kind>
         <file>spi.obj</file>
         <name>spi.obj</name>
      </input_file>
      <input_file id="fl-15">
         <path>./</path>
         <kind>object</kind>
         <file>spiCTRL.obj</file>
         <name>spiCTRL.obj</name>
      </input_file>
      <input_file id="fl-16">
         <path>./</path>
         <kind>object</kind>
         <file>timer.obj</file>
         <name>timer.obj</name>
      </input_file>
      <input_file id="fl-17">
         <path>./</path>
         <kind>object</kind>
         <file>usDelay.obj</file>
         <name>usDelay.obj</name>
      </input_file>
      <input_file id="fl-18">
         <path>./</path>
         <kind>object</kind>
         <file>user.obj</file>
         <name>user.obj</name>
      </input_file>
      <input_file id="fl-19">
         <path>./</path>
         <kind>object</kind>
         <file>wdog.obj</file>
         <name>wdog.obj</name>
      </input_file>
      <input_file id="fl-1c">
         <kind>object</kind>
         <file>&lt;internal&gt;</file>
         <name>&lt;internal&gt;</name>
      </input_file>
      <input_file id="fl-1d">
         <path>/opt/ti/ccsv8/tools/compiler/ti-cgt-c2000_18.1.2.LTS/lib/</path>
         <kind>archive</kind>
         <file>rts2800_ml.lib</file>
         <name>fd_mpy28.asm.obj</name>
      </input_file>
      <input_file id="fl-1e">
         <path>/opt/ti/ccsv8/tools/compiler/ti-cgt-c2000_18.1.2.LTS/lib/</path>
         <kind>archive</kind>
         <file>rts2800_ml.lib</file>
         <name>fd_tol28.asm.obj</name>
      </input_file>
      <input_file id="fl-1f">
         <path>/opt/ti/ccsv8/tools/compiler/ti-cgt-c2000_18.1.2.LTS/lib/</path>
         <kind>archive</kind>
         <file>rts2800_ml.lib</file>
         <name>fs_add28.asm.obj</name>
      </input_file>
      <input_file id="fl-20">
         <path>/opt/ti/ccsv8/tools/compiler/ti-cgt-c2000_18.1.2.LTS/lib/</path>
         <kind>archive</kind>
         <file>rts2800_ml.lib</file>
         <name>fs_cmp28.asm.obj</name>
      </input_file>
      <input_file id="fl-21">
         <path>/opt/ti/ccsv8/tools/compiler/ti-cgt-c2000_18.1.2.LTS/lib/</path>
         <kind>archive</kind>
         <file>rts2800_ml.lib</file>
         <name>fs_div28.asm.obj</name>
      </input_file>
      <input_file id="fl-22">
         <path>/opt/ti/ccsv8/tools/compiler/ti-cgt-c2000_18.1.2.LTS/lib/</path>
         <kind>archive</kind>
         <file>rts2800_ml.lib</file>
         <name>fs_mpy28.asm.obj</name>
      </input_file>
      <input_file id="fl-23">
         <path>/opt/ti/ccsv8/tools/compiler/ti-cgt-c2000_18.1.2.LTS/lib/</path>
         <kind>archive</kind>
         <file>rts2800_ml.lib</file>
         <name>fs_neg28.asm.obj</name>
      </input_file>
      <input_file id="fl-24">
         <path>/opt/ti/ccsv8/tools/compiler/ti-cgt-c2000_18.1.2.LTS/lib/</path>
         <kind>archive</kind>
         <file>rts2800_ml.lib</file>
         <name>fs_tofd28.asm.obj</name>
      </input_file>
      <input_file id="fl-25">
         <path>/opt/ti/ccsv8/tools/compiler/ti-cgt-c2000_18.1.2.LTS/lib/</path>
         <kind>archive</kind>
         <file>rts2800_ml.lib</file>
         <name>fs_toi28.asm.obj</name>
      </input_file>
      <input_file id="fl-26">
         <path>/opt/ti/ccsv8/tools/compiler/ti-cgt-c2000_18.1.2.LTS/lib/</path>
         <kind>archive</kind>
         <file>rts2800_ml.lib</file>
         <name>fs_tou28.asm.obj</name>
      </input_file>
      <input_file id="fl-27">
         <path>/opt/ti/ccsv8/tools/compiler/ti-cgt-c2000_18.1.2.LTS/lib/</path>
         <kind>archive</kind>
         <file>rts2800_ml.lib</file>
         <name>fs_toul28.asm.obj</name>
      </input_file>
      <input_file id="fl-28">
         <path>/opt/ti/ccsv8/tools/compiler/ti-cgt-c2000_18.1.2.LTS/lib/</path>
         <kind>archive</kind>
         <file>rts2800_ml.lib</file>
         <name>i_tofs28.asm.obj</name>
      </input_file>
      <input_file id="fl-29">
         <path>/opt/ti/ccsv8/tools/compiler/ti-cgt-c2000_18.1.2.LTS/lib/</path>
         <kind>archive</kind>
         <file>rts2800_ml.lib</file>
         <name>u_tofs28.asm.obj</name>
      </input_file>
      <input_file id="fl-2a">
         <path>/opt/ti/ccsv8/tools/compiler/ti-cgt-c2000_18.1.2.LTS/lib/</path>
         <kind>archive</kind>
         <file>rts2800_ml.lib</file>
         <name>ul_tofs28.asm.obj</name>
      </input_file>
      <input_file id="fl-2b">
         <path>/home/lflavado/ti/motorware_1_01_00_16/sw/modules/fast/lib/32b/f28x/f2806x/</path>
         <kind>archive</kind>
         <file>2806xRevB_FastSpinROMSymbols.lib</file>
         <name>TMS320x2806x_REVB_boot_rom_out__CTRL_setGains_tmp.obj</name>
      </input_file>
      <input_file id="fl-2c">
         <path>/home/lflavado/ti/motorware_1_01_00_16/sw/modules/fast/lib/32b/f28x/f2806x/</path>
         <kind>archive</kind>
         <file>2806xRevB_FastSpinROMSymbols.lib</file>
         <name>TMS320x2806x_REVB_boot_rom_out__EST_getFlux_pu_tmp.obj</name>
      </input_file>
      <input_file id="fl-2d">
         <path>/home/lflavado/ti/motorware_1_01_00_16/sw/modules/fast/lib/32b/f28x/f2806x/</path>
         <kind>archive</kind>
         <file>2806xRevB_FastSpinROMSymbols.lib</file>
         <name>TMS320x2806x_REVB_boot_rom_out__EST_getLs_coarse_max_pu_tmp.obj</name>
      </input_file>
      <input_file id="fl-2e">
         <path>/home/lflavado/ti/motorware_1_01_00_16/sw/modules/fast/lib/32b/f28x/f2806x/</path>
         <kind>archive</kind>
         <file>2806xRevB_FastSpinROMSymbols.lib</file>
         <name>TMS320x2806x_REVB_boot_rom_out__EST_getLs_d_H_tmp.obj</name>
      </input_file>
      <input_file id="fl-2f">
         <path>/home/lflavado/ti/motorware_1_01_00_16/sw/modules/fast/lib/32b/f28x/f2806x/</path>
         <kind>archive</kind>
         <file>2806xRevB_FastSpinROMSymbols.lib</file>
         <name>TMS320x2806x_REVB_boot_rom_out__EST_getLs_d_pu_tmp.obj</name>
      </input_file>
      <input_file id="fl-30">
         <path>/home/lflavado/ti/motorware_1_01_00_16/sw/modules/fast/lib/32b/f28x/f2806x/</path>
         <kind>archive</kind>
         <file>2806xRevB_FastSpinROMSymbols.lib</file>
         <name>TMS320x2806x_REVB_boot_rom_out__EST_getLs_q_H_tmp.obj</name>
      </input_file>
      <input_file id="fl-31">
         <path>/home/lflavado/ti/motorware_1_01_00_16/sw/modules/fast/lib/32b/f28x/f2806x/</path>
         <kind>archive</kind>
         <file>2806xRevB_FastSpinROMSymbols.lib</file>
         <name>TMS320x2806x_REVB_boot_rom_out__EST_getLs_q_pu_tmp.obj</name>
      </input_file>
      <input_file id="fl-32">
         <path>/home/lflavado/ti/motorware_1_01_00_16/sw/modules/fast/lib/32b/f28x/f2806x/</path>
         <kind>archive</kind>
         <file>2806xRevB_FastSpinROMSymbols.lib</file>
         <name>TMS320x2806x_REVB_boot_rom_out__EST_getRs_Ohm_tmp.obj</name>
      </input_file>
      <input_file id="fl-33">
         <path>/home/lflavado/ti/motorware_1_01_00_16/sw/modules/fast/lib/32b/f28x/f2806x/</path>
         <kind>archive</kind>
         <file>2806xRevB_FastSpinROMSymbols.lib</file>
         <name>TMS320x2806x_REVB_boot_rom_out__EST_setLs_d_pu_tmp.obj</name>
      </input_file>
      <input_file id="fl-34">
         <path>/home/lflavado/ti/motorware_1_01_00_16/sw/modules/fast/lib/32b/f28x/f2806x/</path>
         <kind>archive</kind>
         <file>2806xRevB_FastSpinROMSymbols.lib</file>
         <name>TMS320x2806x_REVB_boot_rom_out__EST_setLs_qFmt_tmp.obj</name>
      </input_file>
      <input_file id="fl-35">
         <path>/home/lflavado/ti/motorware_1_01_00_16/sw/modules/fast/lib/32b/f28x/f2806x/</path>
         <kind>archive</kind>
         <file>2806xRevB_FastSpinROMSymbols.lib</file>
         <name>TMS320x2806x_REVB_boot_rom_out__EST_setLs_q_pu_tmp.obj</name>
      </input_file>
      <input_file id="fl-36">
         <path>/home/lflavado/ti/motorware_1_01_00_16/sw/modules/fast/lib/32b/f28x/f2806x/</path>
         <kind>archive</kind>
         <file>2806xRevB_FastSpinROMSymbols.lib</file>
         <name>TMS320x2806x_REVB_boot_rom_out__OFFSET_init_tmp.obj</name>
      </input_file>
      <input_file id="fl-37">
         <path>/home/lflavado/ti/motorware_1_01_00_16/sw/modules/fast/lib/32b/f28x/f2806x/</path>
         <kind>archive</kind>
         <file>2806xRevB_FastSpinROMSymbols.lib</file>
         <name>TMS320x2806x_REVB_boot_rom_out__OFFSET_setBeta_tmp.obj</name>
      </input_file>
      <input_file id="fl-38">
         <path>/home/lflavado/ti/motorware_1_01_00_16/sw/modules/fast/lib/32b/f28x/f2806x/</path>
         <kind>archive</kind>
         <file>2806xRevB_FastSpinROMSymbols.lib</file>
         <name>TMS320x2806x_REVB_boot_rom_out__OFFSET_setInitCond_tmp.obj</name>
      </input_file>
      <input_file id="fl-39">
         <path>/home/lflavado/ti/motorware_1_01_00_16/sw/modules/fast/lib/32b/f28x/f2806x/</path>
         <kind>archive</kind>
         <file>2806xRevB_FastSpinROMSymbols.lib</file>
         <name>TMS320x2806x_REVB_boot_rom_out__OFFSET_setOffset_tmp.obj</name>
      </input_file>
      <input_file id="fl-3a">
         <path>/home/lflavado/ti/motorware_1_01_00_16/sw/modules/iqmath/lib/f28x/32b/</path>
         <kind>archive</kind>
         <file>IQmath.lib</file>
         <name>IQ24div.obj</name>
      </input_file>
      <input_file id="fl-3b">
         <path>/home/lflavado/ti/motorware_1_01_00_16/sw/modules/iqmath/lib/f28x/32b/</path>
         <kind>archive</kind>
         <file>IQmath.lib</file>
         <name>IQmathTables.obj</name>
      </input_file>
      <input_file id="fl-3c">
         <path>/home/lflavado/ti/motorware_1_01_00_16/sw/modules/iqmath/lib/f28x/32b/</path>
         <kind>archive</kind>
         <file>IQmath.lib</file>
         <name>IQ24toF.obj</name>
      </input_file>
      <input_file id="fl-3d">
         <path>/home/lflavado/ti/motorware_1_01_00_16/sw/modules/iqmath/lib/f28x/32b/</path>
         <kind>archive</kind>
         <file>IQmath.lib</file>
         <name>IQ30toF.obj</name>
      </input_file>
      <input_file id="fl-3e">
         <path>/opt/ti/ccsv8/tools/compiler/ti-cgt-c2000_18.1.2.LTS/lib/</path>
         <kind>archive</kind>
         <file>rts2800_ml.lib</file>
         <name>boot28.asm.obj</name>
      </input_file>
      <input_file id="fl-3f">
         <path>/opt/ti/ccsv8/tools/compiler/ti-cgt-c2000_18.1.2.LTS/lib/</path>
         <kind>archive</kind>
         <file>rts2800_ml.lib</file>
         <name>args_main.c.obj</name>
      </input_file>
      <input_file id="fl-40">
         <path>/opt/ti/ccsv8/tools/compiler/ti-cgt-c2000_18.1.2.LTS/lib/</path>
         <kind>archive</kind>
         <file>rts2800_ml.lib</file>
         <name>startup.c.obj</name>
      </input_file>
      <input_file id="fl-41">
         <path>/opt/ti/ccsv8/tools/compiler/ti-cgt-c2000_18.1.2.LTS/lib/</path>
         <kind>archive</kind>
         <file>rts2800_ml.lib</file>
         <name>pre_init.c.obj</name>
      </input_file>
      <input_file id="fl-42">
         <path>/opt/ti/ccsv8/tools/compiler/ti-cgt-c2000_18.1.2.LTS/lib/</path>
         <kind>archive</kind>
         <file>rts2800_ml.lib</file>
         <name>s_ceilf.c.obj</name>
      </input_file>
      <input_file id="fl-43">
         <path>/opt/ti/ccsv8/tools/compiler/ti-cgt-c2000_18.1.2.LTS/lib/</path>
         <kind>archive</kind>
         <file>rts2800_ml.lib</file>
         <name>cpy_tbl.c.obj</name>
      </input_file>
      <input_file id="fl-44">
         <path>/opt/ti/ccsv8/tools/compiler/ti-cgt-c2000_18.1.2.LTS/lib/</path>
         <kind>archive</kind>
         <file>rts2800_ml.lib</file>
         <name>exit.c.obj</name>
      </input_file>
      <input_file id="fl-45">
         <path>/opt/ti/ccsv8/tools/compiler/ti-cgt-c2000_18.1.2.LTS/lib/</path>
         <kind>archive</kind>
         <file>rts2800_ml.lib</file>
         <name>_lock.c.obj</name>
      </input_file>
      <input_file id="fl-46">
         <path>/opt/ti/ccsv8/tools/compiler/ti-cgt-c2000_18.1.2.LTS/lib/</path>
         <kind>archive</kind>
         <file>rts2800_ml.lib</file>
         <name>e_logf.c.obj</name>
      </input_file>
      <input_file id="fl-47">
         <path>/opt/ti/ccsv8/tools/compiler/ti-cgt-c2000_18.1.2.LTS/lib/</path>
         <kind>archive</kind>
         <file>rts2800_ml.lib</file>
         <name>l_tofs28.asm.obj</name>
      </input_file>
      <input_file id="fl-48">
         <path>/opt/ti/ccsv8/tools/compiler/ti-cgt-c2000_18.1.2.LTS/lib/</path>
         <kind>archive</kind>
         <file>rts2800_ml.lib</file>
         <name>errno.c.obj</name>
      </input_file>
      <input_file id="fl-49">
         <path>/opt/ti/ccsv8/tools/compiler/ti-cgt-c2000_18.1.2.LTS/lib/</path>
         <kind>archive</kind>
         <file>rts2800_ml.lib</file>
         <name>memcpy.c.obj</name>
      </input_file>
      <input_file id="fl-4a">
         <path>/opt/ti/ccsv8/tools/compiler/ti-cgt-c2000_18.1.2.LTS/lib/</path>
         <kind>archive</kind>
         <file>rts2800_ml.lib</file>
         <name>e_powf.c.obj</name>
      </input_file>
      <input_file id="fl-4b">
         <path>/opt/ti/ccsv8/tools/compiler/ti-cgt-c2000_18.1.2.LTS/lib/</path>
         <kind>archive</kind>
         <file>rts2800_ml.lib</file>
         <name>s_scalbnf.c.obj</name>
      </input_file>
      <input_file id="fl-4c">
         <path>/opt/ti/ccsv8/tools/compiler/ti-cgt-c2000_18.1.2.LTS/lib/</path>
         <kind>archive</kind>
         <file>rts2800_ml.lib</file>
         <name>s_copysignf.c.obj</name>
      </input_file>
      <input_file id="fl-4d">
         <path>/opt/ti/ccsv8/tools/compiler/ti-cgt-c2000_18.1.2.LTS/lib/</path>
         <kind>archive</kind>
         <file>rts2800_ml.lib</file>
         <name>e_sqrtf.c.obj</name>
      </input_file>
   </input_file_list>
   <object_component_list>
      <object_component id="oc-72">
         <name>.cinit</name>
         <load_address>0x3f2e8b</load_address>
         <run_address>0x3f2e8b</run_address>
         <size>0xa5</size>
         <input_file_ref idref="fl-11"/>
      </object_component>
      <object_component id="oc-110">
         <name>.cinit</name>
         <load_address>0x3f2f30</load_address>
         <run_address>0x3f2f30</run_address>
         <size>0xe</size>
         <input_file_ref idref="fl-44"/>
      </object_component>
      <object_component id="oc-55">
         <name>.cinit</name>
         <load_address>0x3f2f3e</load_address>
         <run_address>0x3f2f3e</run_address>
         <size>0x9</size>
         <input_file_ref idref="fl-c"/>
      </object_component>
      <object_component id="oc-89">
         <name>.cinit</name>
         <load_address>0x3f2f47</load_address>
         <run_address>0x3f2f47</run_address>
         <size>0x9</size>
         <input_file_ref idref="fl-15"/>
      </object_component>
      <object_component id="oc-14f">
         <name>.cinit:__lock</name>
         <load_address>0x3f2f50</load_address>
         <run_address>0x3f2f50</run_address>
         <size>0x5</size>
         <input_file_ref idref="fl-45"/>
      </object_component>
      <object_component id="oc-153">
         <name>.cinit:__unlock</name>
         <load_address>0x3f2f55</load_address>
         <run_address>0x3f2f55</run_address>
         <size>0x5</size>
         <input_file_ref idref="fl-45"/>
      </object_component>
      <object_component id="oc-44">
         <name>.cinit</name>
         <load_address>0x3f2f5a</load_address>
         <run_address>0x3f2f5a</run_address>
         <size>0x4</size>
         <input_file_ref idref="fl-9"/>
      </object_component>
      <object_component id="oc-127">
         <name>.cinit</name>
         <load_address>0x3f2f5e</load_address>
         <run_address>0x3f2f5e</run_address>
         <size>0x4</size>
         <input_file_ref idref="fl-48"/>
      </object_component>
      <object_component id="oc-150">
         <name>.text</name>
         <load_address>0x3f0000</load_address>
         <run_address>0x3f0000</run_address>
         <size>0xc99</size>
         <input_file_ref idref="fl-c"/>
      </object_component>
      <object_component id="oc-15c">
         <name>.text</name>
         <load_address>0x3f0c99</load_address>
         <run_address>0x3f0c99</run_address>
         <size>0x4b0</size>
         <input_file_ref idref="fl-8"/>
      </object_component>
      <object_component id="oc-151">
         <name>.text</name>
         <load_address>0x3f1149</load_address>
         <run_address>0x3f1149</run_address>
         <size>0x456</size>
         <input_file_ref idref="fl-18"/>
      </object_component>
      <object_component id="oc-165">
         <name>.text</name>
         <load_address>0x3f159f</load_address>
         <run_address>0x3f159f</run_address>
         <size>0x41e</size>
         <input_file_ref idref="fl-4a"/>
      </object_component>
      <object_component id="oc-156">
         <name>.text</name>
         <load_address>0x3f19bd</load_address>
         <run_address>0x3f19bd</run_address>
         <size>0x2f6</size>
         <input_file_ref idref="fl-12"/>
      </object_component>
      <object_component id="oc-15d">
         <name>.text</name>
         <load_address>0x3f1cb3</load_address>
         <run_address>0x3f1cb3</run_address>
         <size>0x1ee</size>
         <input_file_ref idref="fl-5"/>
      </object_component>
      <object_component id="oc-157">
         <name>.text</name>
         <load_address>0x3f1ea1</load_address>
         <run_address>0x3f1ea1</run_address>
         <size>0x198</size>
         <input_file_ref idref="fl-6"/>
      </object_component>
      <object_component id="oc-15a">
         <name>.text</name>
         <load_address>0x3f2039</load_address>
         <run_address>0x3f2039</run_address>
         <size>0x18f</size>
         <input_file_ref idref="fl-4"/>
      </object_component>
      <object_component id="oc-163">
         <name>.text</name>
         <load_address>0x3f21c8</load_address>
         <run_address>0x3f21c8</run_address>
         <size>0x187</size>
         <input_file_ref idref="fl-46"/>
      </object_component>
      <object_component id="oc-14b">
         <name>.text</name>
         <load_address>0x3f234f</load_address>
         <run_address>0x3f234f</run_address>
         <size>0x170</size>
         <input_file_ref idref="fl-b"/>
      </object_component>
      <object_component id="oc-74">
         <name>.text:retain</name>
         <load_address>0x3f24bf</load_address>
         <run_address>0x3f24bf</run_address>
         <size>0x11b</size>
         <input_file_ref idref="fl-11"/>
      </object_component>
      <object_component id="oc-159">
         <name>.text</name>
         <load_address>0x3f25da</load_address>
         <run_address>0x3f25da</run_address>
         <size>0xff</size>
         <input_file_ref idref="fl-f"/>
      </object_component>
      <object_component id="oc-155">
         <name>.text</name>
         <load_address>0x3f26d9</load_address>
         <run_address>0x3f26d9</run_address>
         <size>0xa9</size>
         <input_file_ref idref="fl-14"/>
      </object_component>
      <object_component id="oc-a5">
         <name>.text</name>
         <load_address>0x3f2782</load_address>
         <run_address>0x3f2782</run_address>
         <size>0x83</size>
         <input_file_ref idref="fl-1d"/>
      </object_component>
      <object_component id="oc-b9">
         <name>.text</name>
         <load_address>0x3f2805</load_address>
         <run_address>0x3f2805</run_address>
         <size>0x83</size>
         <input_file_ref idref="fl-21"/>
      </object_component>
      <object_component id="oc-af">
         <name>.text</name>
         <load_address>0x3f2888</load_address>
         <run_address>0x3f2888</run_address>
         <size>0x78</size>
         <input_file_ref idref="fl-1f"/>
      </object_component>
      <object_component id="oc-166">
         <name>.text</name>
         <load_address>0x3f2900</load_address>
         <run_address>0x3f2900</run_address>
         <size>0x76</size>
         <input_file_ref idref="fl-4d"/>
      </object_component>
      <object_component id="oc-164">
         <name>.text</name>
         <load_address>0x3f2976</load_address>
         <run_address>0x3f2976</run_address>
         <size>0x69</size>
         <input_file_ref idref="fl-42"/>
      </object_component>
      <object_component id="oc-16b">
         <name>.text</name>
         <load_address>0x3f29df</load_address>
         <run_address>0x3f29df</run_address>
         <size>0x5d</size>
         <input_file_ref idref="fl-4b"/>
      </object_component>
      <object_component id="oc-158">
         <name>.text</name>
         <load_address>0x3f2a3c</load_address>
         <run_address>0x3f2a3c</run_address>
         <size>0x5b</size>
         <input_file_ref idref="fl-10"/>
      </object_component>
      <object_component id="oc-14d">
         <name>.text</name>
         <load_address>0x3f2a97</load_address>
         <run_address>0x3f2a97</run_address>
         <size>0x5b</size>
         <input_file_ref idref="fl-11"/>
      </object_component>
      <object_component id="oc-be">
         <name>.text</name>
         <load_address>0x3f2af2</load_address>
         <run_address>0x3f2af2</run_address>
         <size>0x5a</size>
         <input_file_ref idref="fl-22"/>
      </object_component>
      <object_component id="oc-18">
         <name>.text</name>
         <load_address>0x3f2b4c</load_address>
         <run_address>0x3f2b4c</run_address>
         <size>0x54</size>
         <input_file_ref idref="fl-3e"/>
      </object_component>
      <object_component id="oc-160">
         <name>.text</name>
         <load_address>0x3f2ba0</load_address>
         <run_address>0x3f2ba0</run_address>
         <size>0x46</size>
         <input_file_ref idref="fl-19"/>
      </object_component>
      <object_component id="oc-162">
         <name>.text</name>
         <load_address>0x3f2be6</load_address>
         <run_address>0x3f2be6</run_address>
         <size>0x44</size>
         <input_file_ref idref="fl-13"/>
      </object_component>
      <object_component id="oc-154">
         <name>.text</name>
         <load_address>0x3f2c2a</load_address>
         <run_address>0x3f2c2a</run_address>
         <size>0x32</size>
         <input_file_ref idref="fl-16"/>
      </object_component>
      <object_component id="oc-15e">
         <name>.text</name>
         <load_address>0x3f2c5c</load_address>
         <run_address>0x3f2c5c</run_address>
         <size>0x2d</size>
         <input_file_ref idref="fl-e"/>
      </object_component>
      <object_component id="oc-14a">
         <name>.text</name>
         <load_address>0x3f2c89</load_address>
         <run_address>0x3f2c89</run_address>
         <size>0x29</size>
         <input_file_ref idref="fl-44"/>
      </object_component>
      <object_component id="oc-15f">
         <name>.text</name>
         <load_address>0x3f2cb2</load_address>
         <run_address>0x3f2cb2</run_address>
         <size>0x25</size>
         <input_file_ref idref="fl-7"/>
      </object_component>
      <object_component id="oc-cd">
         <name>.text</name>
         <load_address>0x3f2cd7</load_address>
         <run_address>0x3f2cd7</run_address>
         <size>0x25</size>
         <input_file_ref idref="fl-25"/>
      </object_component>
      <object_component id="oc-147">
         <name>.text</name>
         <load_address>0x3f2cfc</load_address>
         <run_address>0x3f2cfc</run_address>
         <size>0x24</size>
         <input_file_ref idref="fl-43"/>
      </object_component>
      <object_component id="oc-d7">
         <name>.text</name>
         <load_address>0x3f2d20</load_address>
         <run_address>0x3f2d20</run_address>
         <size>0x21</size>
         <input_file_ref idref="fl-27"/>
      </object_component>
      <object_component id="oc-161">
         <name>.text</name>
         <load_address>0x3f2d41</load_address>
         <run_address>0x3f2d41</run_address>
         <size>0x20</size>
         <input_file_ref idref="fl-a"/>
      </object_component>
      <object_component id="oc-aa">
         <name>.text</name>
         <load_address>0x3f2d61</load_address>
         <run_address>0x3f2d61</run_address>
         <size>0x1f</size>
         <input_file_ref idref="fl-1e"/>
      </object_component>
      <object_component id="oc-d2">
         <name>.text</name>
         <load_address>0x3f2d80</load_address>
         <run_address>0x3f2d80</run_address>
         <size>0x1d</size>
         <input_file_ref idref="fl-26"/>
      </object_component>
      <object_component id="oc-14c">
         <name>.text</name>
         <load_address>0x3f2d9d</load_address>
         <run_address>0x3f2d9d</run_address>
         <size>0x1d</size>
         <input_file_ref idref="fl-49"/>
      </object_component>
      <object_component id="oc-c8">
         <name>.text</name>
         <load_address>0x3f2dba</load_address>
         <run_address>0x3f2dba</run_address>
         <size>0x1c</size>
         <input_file_ref idref="fl-24"/>
      </object_component>
      <object_component id="oc-dc">
         <name>.text</name>
         <load_address>0x3f2dd6</load_address>
         <run_address>0x3f2dd6</run_address>
         <size>0x1a</size>
         <input_file_ref idref="fl-28"/>
      </object_component>
      <object_component id="oc-121">
         <name>.text</name>
         <load_address>0x3f2df0</load_address>
         <run_address>0x3f2df0</run_address>
         <size>0x1a</size>
         <input_file_ref idref="fl-47"/>
      </object_component>
      <object_component id="oc-149">
         <name>.text</name>
         <load_address>0x3f2e0a</load_address>
         <run_address>0x3f2e0a</run_address>
         <size>0x19</size>
         <input_file_ref idref="fl-3f"/>
      </object_component>
      <object_component id="oc-b4">
         <name>.text</name>
         <load_address>0x3f2e23</load_address>
         <run_address>0x3f2e23</run_address>
         <size>0x17</size>
         <input_file_ref idref="fl-20"/>
      </object_component>
      <object_component id="oc-e6">
         <name>.text</name>
         <load_address>0x3f2e3a</load_address>
         <run_address>0x3f2e3a</run_address>
         <size>0x13</size>
         <input_file_ref idref="fl-2a"/>
      </object_component>
      <object_component id="oc-e1">
         <name>.text</name>
         <load_address>0x3f2e4d</load_address>
         <run_address>0x3f2e4d</run_address>
         <size>0x10</size>
         <input_file_ref idref="fl-29"/>
      </object_component>
      <object_component id="oc-3e">
         <name>.text:retain</name>
         <load_address>0x3f2e5d</load_address>
         <run_address>0x3f2e5d</run_address>
         <size>0xe</size>
         <input_file_ref idref="fl-8"/>
      </object_component>
      <object_component id="oc-16c">
         <name>.text</name>
         <load_address>0x3f2e6b</load_address>
         <run_address>0x3f2e6b</run_address>
         <size>0xa</size>
         <input_file_ref idref="fl-4c"/>
      </object_component>
      <object_component id="oc-152">
         <name>.text</name>
         <load_address>0x3f2e75</load_address>
         <run_address>0x3f2e75</run_address>
         <size>0x9</size>
         <input_file_ref idref="fl-45"/>
      </object_component>
      <object_component id="oc-67">
         <name>.text:retain</name>
         <load_address>0x3f2e7e</load_address>
         <run_address>0x3f2e7e</run_address>
         <size>0x5</size>
         <input_file_ref idref="fl-f"/>
      </object_component>
      <object_component id="oc-c3">
         <name>.text</name>
         <load_address>0x3f2e83</load_address>
         <run_address>0x3f2e83</run_address>
         <size>0x5</size>
         <input_file_ref idref="fl-23"/>
      </object_component>
      <object_component id="oc-146">
         <name>.text</name>
         <load_address>0x3f2e88</load_address>
         <run_address>0x3f2e88</run_address>
         <size>0x2</size>
         <input_file_ref idref="fl-41"/>
      </object_component>
      <object_component id="oc-148">
         <name>.text</name>
         <load_address>0x3f2e8a</load_address>
         <run_address>0x3f2e8a</run_address>
         <size>0x1</size>
         <input_file_ref idref="fl-40"/>
      </object_component>
      <object_component id="oc-15b">
         <name>ramfuncs</name>
         <load_address>0x3e8000</load_address>
         <run_address>0x8000</run_address>
         <size>0x32</size>
         <input_file_ref idref="fl-a"/>
      </object_component>
      <object_component id="oc-95">
         <name>ramfuncs</name>
         <load_address>0x3e8032</load_address>
         <run_address>0x8032</run_address>
         <size>0x4</size>
         <input_file_ref idref="fl-17"/>
      </object_component>
      <object_component id="oc-ef">
         <name>.stack</name>
         <uninitialized>true</uninitialized>
         <run_address>0x50</run_address>
         <size>0x0</size>
         <input_file_ref idref="fl-3e"/>
      </object_component>
      <object_component id="oc-18e">
         <name>.stack</name>
         <uninitialized>true</uninitialized>
         <run_address>0x50</run_address>
         <size>0x0</size>
      </object_component>
      <object_component id="oc-38">
         <name>.ebss</name>
         <uninitialized>true</uninitialized>
         <run_address>0x8db8</run_address>
         <size>0x1</size>
         <input_file_ref idref="fl-7"/>
      </object_component>
      <object_component id="oc-45">
         <name>.ebss</name>
         <uninitialized>true</uninitialized>
         <run_address>0x8db6</run_address>
         <size>0x2</size>
         <input_file_ref idref="fl-9"/>
      </object_component>
      <object_component id="oc-56">
         <name>.ebss</name>
         <uninitialized>true</uninitialized>
         <run_address>0x8f00</run_address>
         <size>0xf4</size>
         <input_file_ref idref="fl-c"/>
      </object_component>
      <object_component id="oc-73">
         <name>.ebss</name>
         <uninitialized>true</uninitialized>
         <run_address>0x8c00</run_address>
         <size>0x1ac</size>
         <input_file_ref idref="fl-11"/>
      </object_component>
      <object_component id="oc-8a">
         <name>.ebss</name>
         <uninitialized>true</uninitialized>
         <run_address>0x8dc0</run_address>
         <size>0x140</size>
         <input_file_ref idref="fl-15"/>
      </object_component>
      <object_component id="oc-111">
         <name>.ebss</name>
         <uninitialized>true</uninitialized>
         <run_address>0x8dac</run_address>
         <size>0x6</size>
         <input_file_ref idref="fl-44"/>
      </object_component>
      <object_component id="oc-167">
         <name>.ebss:__unlock</name>
         <uninitialized>true</uninitialized>
         <run_address>0x8db4</run_address>
         <size>0x2</size>
         <input_file_ref idref="fl-45"/>
      </object_component>
      <object_component id="oc-14e">
         <name>.ebss:__lock</name>
         <uninitialized>true</uninitialized>
         <run_address>0x8db2</run_address>
         <size>0x2</size>
         <input_file_ref idref="fl-45"/>
      </object_component>
      <object_component id="oc-128">
         <name>.ebss</name>
         <uninitialized>true</uninitialized>
         <run_address>0x8db9</run_address>
         <size>0x1</size>
         <input_file_ref idref="fl-48"/>
      </object_component>
      <object_component id="oc-130">
         <name>.econst</name>
         <load_address>0x3f2fd4</load_address>
         <run_address>0x3f2fd4</run_address>
         <size>0x32</size>
         <input_file_ref idref="fl-4a"/>
      </object_component>
      <object_component id="oc-11c">
         <name>.econst</name>
         <load_address>0x3f3006</load_address>
         <run_address>0x3f3006</run_address>
         <size>0x10</size>
         <input_file_ref idref="fl-46"/>
      </object_component>
      <object_component id="oc-9b">
         <name>.econst</name>
         <load_address>0x3f3016</load_address>
         <run_address>0x3f3016</run_address>
         <size>0x8</size>
         <input_file_ref idref="fl-18"/>
      </object_component>
      <object_component id="oc-136">
         <name>.econst</name>
         <load_address>0x3f301e</load_address>
         <run_address>0x3f301e</run_address>
         <size>0x6</size>
         <input_file_ref idref="fl-4b"/>
      </object_component>
      <object_component id="oc-168">
         <name>.econst:_bp</name>
         <load_address>0x3f3024</load_address>
         <run_address>0x3f3024</run_address>
         <size>0x4</size>
         <input_file_ref idref="fl-4a"/>
      </object_component>
      <object_component id="oc-169">
         <name>.econst:_dp_h</name>
         <load_address>0x3f3028</load_address>
         <run_address>0x3f3028</run_address>
         <size>0x4</size>
         <input_file_ref idref="fl-4a"/>
      </object_component>
      <object_component id="oc-16a">
         <name>.econst:_dp_l</name>
         <load_address>0x3f302c</load_address>
         <run_address>0x3f302c</run_address>
         <size>0x4</size>
         <input_file_ref idref="fl-4a"/>
      </object_component>
      <object_component id="oc-57">
         <name>.econst</name>
         <load_address>0x3f3030</load_address>
         <run_address>0x3f3030</run_address>
         <size>0x4</size>
         <input_file_ref idref="fl-c"/>
      </object_component>
      <object_component id="oc-141">
         <name>.econst</name>
         <load_address>0x3f3034</load_address>
         <run_address>0x3f3034</run_address>
         <size>0x4</size>
         <input_file_ref idref="fl-4d"/>
      </object_component>
      <object_component id="oc-105">
         <name>.econst</name>
         <load_address>0x3f3038</load_address>
         <run_address>0x3f3038</run_address>
         <size>0x2</size>
         <input_file_ref idref="fl-42"/>
      </object_component>
      <object_component id="oc-eb">
         <name>IQmath</name>
         <load_address>0x3f2f64</load_address>
         <run_address>0x3f2f64</run_address>
         <size>0x47</size>
         <input_file_ref idref="fl-3a"/>
      </object_component>
      <object_component id="oc-ed">
         <name>IQmath</name>
         <load_address>0x3f2fab</load_address>
         <run_address>0x3f2fab</run_address>
         <size>0x14</size>
         <input_file_ref idref="fl-3c"/>
      </object_component>
      <object_component id="oc-ee">
         <name>IQmath</name>
         <load_address>0x3f2fbf</load_address>
         <run_address>0x3f2fbf</run_address>
         <size>0x14</size>
         <input_file_ref idref="fl-3d"/>
      </object_component>
      <object_component id="oc-ec">
         <name>IQmathTables</name>
         <load_address>0x3fdc30</load_address>
         <run_address>0x3fdc30</run_address>
         <size>0xb50</size>
         <input_file_ref idref="fl-3b"/>
      </object_component>
      <object_component id="oc-8b">
         <name>DMARAML8</name>
         <uninitialized>true</uninitialized>
         <run_address>0x12000</run_address>
         <size>0xf2</size>
         <input_file_ref idref="fl-15"/>
      </object_component>
      <object_component id="oc-f0">
         <name>.reset</name>
         <load_address>0x3fffc0</load_address>
         <run_address>0x3fffc0</run_address>
         <size>0x2</size>
         <input_file_ref idref="fl-3e"/>
      </object_component>
      <object_component id="oc-28">
         <name>.debug_info</name>
         <load_address>0x0</load_address>
         <run_address>0x0</run_address>
         <size>0x27d2</size>
         <input_file_ref idref="fl-4"/>
      </object_component>
      <object_component id="oc-2d">
         <name>.debug_info</name>
         <load_address>0x27d2</load_address>
         <run_address>0x27d2</run_address>
         <size>0x446d</size>
         <input_file_ref idref="fl-5"/>
      </object_component>
      <object_component id="oc-32">
         <name>.debug_info</name>
         <load_address>0x6c3f</load_address>
         <run_address>0x6c3f</run_address>
         <size>0x4d38</size>
         <input_file_ref idref="fl-6"/>
      </object_component>
      <object_component id="oc-37">
         <name>.debug_info</name>
         <load_address>0xb977</load_address>
         <run_address>0xb977</run_address>
         <size>0x108b</size>
         <input_file_ref idref="fl-7"/>
      </object_component>
      <object_component id="oc-3d">
         <name>.debug_info</name>
         <load_address>0xca02</load_address>
         <run_address>0xca02</run_address>
         <size>0x3930</size>
         <input_file_ref idref="fl-8"/>
      </object_component>
      <object_component id="oc-43">
         <name>.debug_info</name>
         <load_address>0x10332</load_address>
         <run_address>0x10332</run_address>
         <size>0x1fac</size>
         <input_file_ref idref="fl-9"/>
      </object_component>
      <object_component id="oc-4a">
         <name>.debug_info</name>
         <load_address>0x122de</load_address>
         <run_address>0x122de</run_address>
         <size>0x208e</size>
         <input_file_ref idref="fl-a"/>
      </object_component>
      <object_component id="oc-4f">
         <name>.debug_info</name>
         <load_address>0x1436c</load_address>
         <run_address>0x1436c</run_address>
         <size>0x371e</size>
         <input_file_ref idref="fl-b"/>
      </object_component>
      <object_component id="oc-54">
         <name>.debug_info</name>
         <load_address>0x17a8a</load_address>
         <run_address>0x17a8a</run_address>
         <size>0x12a14</size>
         <input_file_ref idref="fl-c"/>
      </object_component>
      <object_component id="oc-5c">
         <name>.debug_info</name>
         <load_address>0x2a49e</load_address>
         <run_address>0x2a49e</run_address>
         <size>0x358</size>
         <input_file_ref idref="fl-d"/>
      </object_component>
      <object_component id="oc-61">
         <name>.debug_info</name>
         <load_address>0x2a7f6</load_address>
         <run_address>0x2a7f6</run_address>
         <size>0xa1f</size>
         <input_file_ref idref="fl-e"/>
      </object_component>
      <object_component id="oc-66">
         <name>.debug_info</name>
         <load_address>0x2b215</load_address>
         <run_address>0x2b215</run_address>
         <size>0x460e</size>
         <input_file_ref idref="fl-f"/>
      </object_component>
      <object_component id="oc-6c">
         <name>.debug_info</name>
         <load_address>0x2f823</load_address>
         <run_address>0x2f823</run_address>
         <size>0x1a92</size>
         <input_file_ref idref="fl-10"/>
      </object_component>
      <object_component id="oc-71">
         <name>.debug_info</name>
         <load_address>0x312b5</load_address>
         <run_address>0x312b5</run_address>
         <size>0x6d99</size>
         <input_file_ref idref="fl-11"/>
      </object_component>
      <object_component id="oc-79">
         <name>.debug_info</name>
         <load_address>0x3804e</load_address>
         <run_address>0x3804e</run_address>
         <size>0xb045</size>
         <input_file_ref idref="fl-12"/>
      </object_component>
      <object_component id="oc-7e">
         <name>.debug_info</name>
         <load_address>0x43093</load_address>
         <run_address>0x43093</run_address>
         <size>0x1398</size>
         <input_file_ref idref="fl-13"/>
      </object_component>
      <object_component id="oc-83">
         <name>.debug_info</name>
         <load_address>0x4442b</load_address>
         <run_address>0x4442b</run_address>
         <size>0x3af9</size>
         <input_file_ref idref="fl-14"/>
      </object_component>
      <object_component id="oc-88">
         <name>.debug_info</name>
         <load_address>0x47f24</load_address>
         <run_address>0x47f24</run_address>
         <size>0x1086</size>
         <input_file_ref idref="fl-15"/>
      </object_component>
      <object_component id="oc-90">
         <name>.debug_info</name>
         <load_address>0x48faa</load_address>
         <run_address>0x48faa</run_address>
         <size>0xf2a</size>
         <input_file_ref idref="fl-16"/>
      </object_component>
      <object_component id="oc-96">
         <name>.debug_info</name>
         <load_address>0x49ed4</load_address>
         <run_address>0x49ed4</run_address>
         <size>0x1b3</size>
         <input_file_ref idref="fl-17"/>
      </object_component>
      <object_component id="oc-9a">
         <name>.debug_info</name>
         <load_address>0x4a087</load_address>
         <run_address>0x4a087</run_address>
         <size>0x4a6a</size>
         <input_file_ref idref="fl-18"/>
      </object_component>
      <object_component id="oc-a0">
         <name>.debug_info</name>
         <load_address>0x4eaf1</load_address>
         <run_address>0x4eaf1</run_address>
         <size>0x12e8</size>
         <input_file_ref idref="fl-19"/>
      </object_component>
      <object_component id="oc-a6">
         <name>.debug_info</name>
         <load_address>0x4fdd9</load_address>
         <run_address>0x4fdd9</run_address>
         <size>0x10c</size>
         <input_file_ref idref="fl-1d"/>
      </object_component>
      <object_component id="oc-ab">
         <name>.debug_info</name>
         <load_address>0x4fee5</load_address>
         <run_address>0x4fee5</run_address>
         <size>0x10c</size>
         <input_file_ref idref="fl-1e"/>
      </object_component>
      <object_component id="oc-b0">
         <name>.debug_info</name>
         <load_address>0x4fff1</load_address>
         <run_address>0x4fff1</run_address>
         <size>0x10c</size>
         <input_file_ref idref="fl-1f"/>
      </object_component>
      <object_component id="oc-b5">
         <name>.debug_info</name>
         <load_address>0x500fd</load_address>
         <run_address>0x500fd</run_address>
         <size>0x10c</size>
         <input_file_ref idref="fl-20"/>
      </object_component>
      <object_component id="oc-ba">
         <name>.debug_info</name>
         <load_address>0x50209</load_address>
         <run_address>0x50209</run_address>
         <size>0x10c</size>
         <input_file_ref idref="fl-21"/>
      </object_component>
      <object_component id="oc-bf">
         <name>.debug_info</name>
         <load_address>0x50315</load_address>
         <run_address>0x50315</run_address>
         <size>0x10c</size>
         <input_file_ref idref="fl-22"/>
      </object_component>
      <object_component id="oc-c4">
         <name>.debug_info</name>
         <load_address>0x50421</load_address>
         <run_address>0x50421</run_address>
         <size>0x10c</size>
         <input_file_ref idref="fl-23"/>
      </object_component>
      <object_component id="oc-c9">
         <name>.debug_info</name>
         <load_address>0x5052d</load_address>
         <run_address>0x5052d</run_address>
         <size>0x10f</size>
         <input_file_ref idref="fl-24"/>
      </object_component>
      <object_component id="oc-ce">
         <name>.debug_info</name>
         <load_address>0x5063c</load_address>
         <run_address>0x5063c</run_address>
         <size>0x118</size>
         <input_file_ref idref="fl-25"/>
      </object_component>
      <object_component id="oc-d3">
         <name>.debug_info</name>
         <load_address>0x50754</load_address>
         <run_address>0x50754</run_address>
         <size>0x118</size>
         <input_file_ref idref="fl-26"/>
      </object_component>
      <object_component id="oc-d8">
         <name>.debug_info</name>
         <load_address>0x5086c</load_address>
         <run_address>0x5086c</run_address>
         <size>0x11b</size>
         <input_file_ref idref="fl-27"/>
      </object_component>
      <object_component id="oc-dd">
         <name>.debug_info</name>
         <load_address>0x50987</load_address>
         <run_address>0x50987</run_address>
         <size>0x116</size>
         <input_file_ref idref="fl-28"/>
      </object_component>
      <object_component id="oc-e2">
         <name>.debug_info</name>
         <load_address>0x50a9d</load_address>
         <run_address>0x50a9d</run_address>
         <size>0x110</size>
         <input_file_ref idref="fl-29"/>
      </object_component>
      <object_component id="oc-e7">
         <name>.debug_info</name>
         <load_address>0x50bad</load_address>
         <run_address>0x50bad</run_address>
         <size>0x113</size>
         <input_file_ref idref="fl-2a"/>
      </object_component>
      <object_component id="oc-f1">
         <name>.debug_info</name>
         <load_address>0x50cc0</load_address>
         <run_address>0x50cc0</run_address>
         <size>0x16b</size>
         <input_file_ref idref="fl-3e"/>
      </object_component>
      <object_component id="oc-f5">
         <name>.debug_info</name>
         <load_address>0x50e2b</load_address>
         <run_address>0x50e2b</run_address>
         <size>0x3f5</size>
         <input_file_ref idref="fl-3f"/>
      </object_component>
      <object_component id="oc-fa">
         <name>.debug_info</name>
         <load_address>0x51220</load_address>
         <run_address>0x51220</run_address>
         <size>0x338</size>
         <input_file_ref idref="fl-40"/>
      </object_component>
      <object_component id="oc-ff">
         <name>.debug_info</name>
         <load_address>0x51558</load_address>
         <run_address>0x51558</run_address>
         <size>0x33b</size>
         <input_file_ref idref="fl-41"/>
      </object_component>
      <object_component id="oc-104">
         <name>.debug_info</name>
         <load_address>0x51893</load_address>
         <run_address>0x51893</run_address>
         <size>0x3e5</size>
         <input_file_ref idref="fl-42"/>
      </object_component>
      <object_component id="oc-10a">
         <name>.debug_info</name>
         <load_address>0x51c78</load_address>
         <run_address>0x51c78</run_address>
         <size>0x4cd</size>
         <input_file_ref idref="fl-43"/>
      </object_component>
      <object_component id="oc-10f">
         <name>.debug_info</name>
         <load_address>0x52145</load_address>
         <run_address>0x52145</run_address>
         <size>0x4d2</size>
         <input_file_ref idref="fl-44"/>
      </object_component>
      <object_component id="oc-116">
         <name>.debug_info</name>
         <load_address>0x52617</load_address>
         <run_address>0x52617</run_address>
         <size>0x45a</size>
         <input_file_ref idref="fl-45"/>
      </object_component>
      <object_component id="oc-11b">
         <name>.debug_info</name>
         <load_address>0x52a71</load_address>
         <run_address>0x52a71</run_address>
         <size>0x71f</size>
         <input_file_ref idref="fl-46"/>
      </object_component>
      <object_component id="oc-122">
         <name>.debug_info</name>
         <load_address>0x53190</load_address>
         <run_address>0x53190</run_address>
         <size>0x116</size>
         <input_file_ref idref="fl-47"/>
      </object_component>
      <object_component id="oc-126">
         <name>.debug_info</name>
         <load_address>0x532a6</load_address>
         <run_address>0x532a6</run_address>
         <size>0x1bb</size>
         <input_file_ref idref="fl-48"/>
      </object_component>
      <object_component id="oc-12a">
         <name>.debug_info</name>
         <load_address>0x53461</load_address>
         <run_address>0x53461</run_address>
         <size>0x3c8</size>
         <input_file_ref idref="fl-49"/>
      </object_component>
      <object_component id="oc-12f">
         <name>.debug_info</name>
         <load_address>0x53829</load_address>
         <run_address>0x53829</run_address>
         <size>0xdfd</size>
         <input_file_ref idref="fl-4a"/>
      </object_component>
      <object_component id="oc-135">
         <name>.debug_info</name>
         <load_address>0x54626</load_address>
         <run_address>0x54626</run_address>
         <size>0x44c</size>
         <input_file_ref idref="fl-4b"/>
      </object_component>
      <object_component id="oc-13b">
         <name>.debug_info</name>
         <load_address>0x54a72</load_address>
         <run_address>0x54a72</run_address>
         <size>0x36a</size>
         <input_file_ref idref="fl-4c"/>
      </object_component>
      <object_component id="oc-140">
         <name>.debug_info</name>
         <load_address>0x54ddc</load_address>
         <run_address>0x54ddc</run_address>
         <size>0x412</size>
         <input_file_ref idref="fl-4d"/>
      </object_component>
      <object_component id="oc-18f">
         <name>.debug_info</name>
         <load_address>0x551ee</load_address>
         <run_address>0x551ee</run_address>
         <size>0xf6</size>
      </object_component>
      <object_component id="oc-29">
         <name>.debug_frame</name>
         <load_address>0x0</load_address>
         <run_address>0x0</run_address>
         <size>0x324</size>
         <input_file_ref idref="fl-4"/>
      </object_component>
      <object_component id="oc-2e">
         <name>.debug_frame</name>
         <load_address>0x324</load_address>
         <run_address>0x324</run_address>
         <size>0x320</size>
         <input_file_ref idref="fl-5"/>
      </object_component>
      <object_component id="oc-33">
         <name>.debug_frame</name>
         <load_address>0x644</load_address>
         <run_address>0x644</run_address>
         <size>0x5d8</size>
         <input_file_ref idref="fl-6"/>
      </object_component>
      <object_component id="oc-39">
         <name>.debug_frame</name>
         <load_address>0xc1c</load_address>
         <run_address>0xc1c</run_address>
         <size>0x128</size>
         <input_file_ref idref="fl-7"/>
      </object_component>
      <object_component id="oc-3f">
         <name>.debug_frame</name>
         <load_address>0xd44</load_address>
         <run_address>0xd44</run_address>
         <size>0x200</size>
         <input_file_ref idref="fl-8"/>
      </object_component>
      <object_component id="oc-46">
         <name>.debug_frame</name>
         <load_address>0xf44</load_address>
         <run_address>0xf44</run_address>
         <size>0x20</size>
         <input_file_ref idref="fl-9"/>
      </object_component>
      <object_component id="oc-4b">
         <name>.debug_frame</name>
         <load_address>0xf64</load_address>
         <run_address>0xf64</run_address>
         <size>0x1a0</size>
         <input_file_ref idref="fl-a"/>
      </object_component>
      <object_component id="oc-50">
         <name>.debug_frame</name>
         <load_address>0x1104</load_address>
         <run_address>0x1104</run_address>
         <size>0x18c</size>
         <input_file_ref idref="fl-b"/>
      </object_component>
      <object_component id="oc-58">
         <name>.debug_frame</name>
         <load_address>0x1290</load_address>
         <run_address>0x1290</run_address>
         <size>0x528</size>
         <input_file_ref idref="fl-c"/>
      </object_component>
      <object_component id="oc-5d">
         <name>.debug_frame</name>
         <load_address>0x17b8</load_address>
         <run_address>0x17b8</run_address>
         <size>0x20</size>
         <input_file_ref idref="fl-d"/>
      </object_component>
      <object_component id="oc-62">
         <name>.debug_frame</name>
         <load_address>0x17d8</load_address>
         <run_address>0x17d8</run_address>
         <size>0x80</size>
         <input_file_ref idref="fl-e"/>
      </object_component>
      <object_component id="oc-68">
         <name>.debug_frame</name>
         <load_address>0x1858</load_address>
         <run_address>0x1858</run_address>
         <size>0x2a8</size>
         <input_file_ref idref="fl-f"/>
      </object_component>
      <object_component id="oc-6d">
         <name>.debug_frame</name>
         <load_address>0x1b00</load_address>
         <run_address>0x1b00</run_address>
         <size>0x1b8</size>
         <input_file_ref idref="fl-10"/>
      </object_component>
      <object_component id="oc-75">
         <name>.debug_frame</name>
         <load_address>0x1cb8</load_address>
         <run_address>0x1cb8</run_address>
         <size>0xa4</size>
         <input_file_ref idref="fl-11"/>
      </object_component>
      <object_component id="oc-7a">
         <name>.debug_frame</name>
         <load_address>0x1d5c</load_address>
         <run_address>0x1d5c</run_address>
         <size>0xa28</size>
         <input_file_ref idref="fl-12"/>
      </object_component>
      <object_component id="oc-7f">
         <name>.debug_frame</name>
         <load_address>0x2784</load_address>
         <run_address>0x2784</run_address>
         <size>0xc8</size>
         <input_file_ref idref="fl-13"/>
      </object_component>
      <object_component id="oc-84">
         <name>.debug_frame</name>
         <load_address>0x284c</load_address>
         <run_address>0x284c</run_address>
         <size>0x410</size>
         <input_file_ref idref="fl-14"/>
      </object_component>
      <object_component id="oc-8c">
         <name>.debug_frame</name>
         <load_address>0x2c5c</load_address>
         <run_address>0x2c5c</run_address>
         <size>0x20</size>
         <input_file_ref idref="fl-15"/>
      </object_component>
      <object_component id="oc-91">
         <name>.debug_frame</name>
         <load_address>0x2c7c</load_address>
         <run_address>0x2c7c</run_address>
         <size>0xe0</size>
         <input_file_ref idref="fl-16"/>
      </object_component>
      <object_component id="oc-9c">
         <name>.debug_frame</name>
         <load_address>0x2d5c</load_address>
         <run_address>0x2d5c</run_address>
         <size>0x230</size>
         <input_file_ref idref="fl-18"/>
      </object_component>
      <object_component id="oc-a1">
         <name>.debug_frame</name>
         <load_address>0x2f8c</load_address>
         <run_address>0x2f8c</run_address>
         <size>0x128</size>
         <input_file_ref idref="fl-19"/>
      </object_component>
      <object_component id="oc-f6">
         <name>.debug_frame</name>
         <load_address>0x30b4</load_address>
         <run_address>0x30b4</run_address>
         <size>0x38</size>
         <input_file_ref idref="fl-3f"/>
      </object_component>
      <object_component id="oc-fb">
         <name>.debug_frame</name>
         <load_address>0x30ec</load_address>
         <run_address>0x30ec</run_address>
         <size>0x38</size>
         <input_file_ref idref="fl-40"/>
      </object_component>
      <object_component id="oc-100">
         <name>.debug_frame</name>
         <load_address>0x3124</load_address>
         <run_address>0x3124</run_address>
         <size>0x38</size>
         <input_file_ref idref="fl-41"/>
      </object_component>
      <object_component id="oc-106">
         <name>.debug_frame</name>
         <load_address>0x315c</load_address>
         <run_address>0x315c</run_address>
         <size>0x58</size>
         <input_file_ref idref="fl-42"/>
      </object_component>
      <object_component id="oc-10b">
         <name>.debug_frame</name>
         <load_address>0x31b4</load_address>
         <run_address>0x31b4</run_address>
         <size>0x58</size>
         <input_file_ref idref="fl-43"/>
      </object_component>
      <object_component id="oc-112">
         <name>.debug_frame</name>
         <load_address>0x320c</load_address>
         <run_address>0x320c</run_address>
         <size>0x58</size>
         <input_file_ref idref="fl-44"/>
      </object_component>
      <object_component id="oc-117">
         <name>.debug_frame</name>
         <load_address>0x3264</load_address>
         <run_address>0x3264</run_address>
         <size>0x68</size>
         <input_file_ref idref="fl-45"/>
      </object_component>
      <object_component id="oc-11d">
         <name>.debug_frame</name>
         <load_address>0x32cc</load_address>
         <run_address>0x32cc</run_address>
         <size>0x58</size>
         <input_file_ref idref="fl-46"/>
      </object_component>
      <object_component id="oc-12b">
         <name>.debug_frame</name>
         <load_address>0x3324</load_address>
         <run_address>0x3324</run_address>
         <size>0x38</size>
         <input_file_ref idref="fl-49"/>
      </object_component>
      <object_component id="oc-131">
         <name>.debug_frame</name>
         <load_address>0x335c</load_address>
         <run_address>0x335c</run_address>
         <size>0x58</size>
         <input_file_ref idref="fl-4a"/>
      </object_component>
      <object_component id="oc-137">
         <name>.debug_frame</name>
         <load_address>0x33b4</load_address>
         <run_address>0x33b4</run_address>
         <size>0x48</size>
         <input_file_ref idref="fl-4b"/>
      </object_component>
      <object_component id="oc-13c">
         <name>.debug_frame</name>
         <load_address>0x33fc</load_address>
         <run_address>0x33fc</run_address>
         <size>0x38</size>
         <input_file_ref idref="fl-4c"/>
      </object_component>
      <object_component id="oc-142">
         <name>.debug_frame</name>
         <load_address>0x3434</load_address>
         <run_address>0x3434</run_address>
         <size>0x48</size>
         <input_file_ref idref="fl-4d"/>
      </object_component>
      <object_component id="oc-2a">
         <name>.debug_line</name>
         <load_address>0x0</load_address>
         <run_address>0x0</run_address>
         <size>0x3a5</size>
         <input_file_ref idref="fl-4"/>
      </object_component>
      <object_component id="oc-2f">
         <name>.debug_line</name>
         <load_address>0x3a5</load_address>
         <run_address>0x3a5</run_address>
         <size>0x372</size>
         <input_file_ref idref="fl-5"/>
      </object_component>
      <object_component id="oc-34">
         <name>.debug_line</name>
         <load_address>0x717</load_address>
         <run_address>0x717</run_address>
         <size>0x5b4</size>
         <input_file_ref idref="fl-6"/>
      </object_component>
      <object_component id="oc-3a">
         <name>.debug_line</name>
         <load_address>0xccb</load_address>
         <run_address>0xccb</run_address>
         <size>0x14f</size>
         <input_file_ref idref="fl-7"/>
      </object_component>
      <object_component id="oc-40">
         <name>.debug_line</name>
         <load_address>0xe1a</load_address>
         <run_address>0xe1a</run_address>
         <size>0x509</size>
         <input_file_ref idref="fl-8"/>
      </object_component>
      <object_component id="oc-47">
         <name>.debug_line</name>
         <load_address>0x1323</load_address>
         <run_address>0x1323</run_address>
         <size>0x132</size>
         <input_file_ref idref="fl-9"/>
      </object_component>
      <object_component id="oc-4c">
         <name>.debug_line</name>
         <load_address>0x1455</load_address>
         <run_address>0x1455</run_address>
         <size>0x1d7</size>
         <input_file_ref idref="fl-a"/>
      </object_component>
      <object_component id="oc-51">
         <name>.debug_line</name>
         <load_address>0x162c</load_address>
         <run_address>0x162c</run_address>
         <size>0x2af</size>
         <input_file_ref idref="fl-b"/>
      </object_component>
      <object_component id="oc-59">
         <name>.debug_line</name>
         <load_address>0x18db</load_address>
         <run_address>0x18db</run_address>
         <size>0xde5</size>
         <input_file_ref idref="fl-c"/>
      </object_component>
      <object_component id="oc-5e">
         <name>.debug_line</name>
         <load_address>0x26c0</load_address>
         <run_address>0x26c0</run_address>
         <size>0x68</size>
         <input_file_ref idref="fl-d"/>
      </object_component>
      <object_component id="oc-63">
         <name>.debug_line</name>
         <load_address>0x2728</load_address>
         <run_address>0x2728</run_address>
         <size>0xd7</size>
         <input_file_ref idref="fl-e"/>
      </object_component>
      <object_component id="oc-69">
         <name>.debug_line</name>
         <load_address>0x27ff</load_address>
         <run_address>0x27ff</run_address>
         <size>0x311</size>
         <input_file_ref idref="fl-f"/>
      </object_component>
      <object_component id="oc-6e">
         <name>.debug_line</name>
         <load_address>0x2b10</load_address>
         <run_address>0x2b10</run_address>
         <size>0x1e6</size>
         <input_file_ref idref="fl-10"/>
      </object_component>
      <object_component id="oc-76">
         <name>.debug_line</name>
         <load_address>0x2cf6</load_address>
         <run_address>0x2cf6</run_address>
         <size>0x424</size>
         <input_file_ref idref="fl-11"/>
      </object_component>
      <object_component id="oc-7b">
         <name>.debug_line</name>
         <load_address>0x311a</load_address>
         <run_address>0x311a</run_address>
         <size>0xa36</size>
         <input_file_ref idref="fl-12"/>
      </object_component>
      <object_component id="oc-80">
         <name>.debug_line</name>
         <load_address>0x3b50</load_address>
         <run_address>0x3b50</run_address>
         <size>0x10f</size>
         <input_file_ref idref="fl-13"/>
      </object_component>
      <object_component id="oc-85">
         <name>.debug_line</name>
         <load_address>0x3c5f</load_address>
         <run_address>0x3c5f</run_address>
         <size>0x413</size>
         <input_file_ref idref="fl-14"/>
      </object_component>
      <object_component id="oc-8d">
         <name>.debug_line</name>
         <load_address>0x4072</load_address>
         <run_address>0x4072</run_address>
         <size>0x6c</size>
         <input_file_ref idref="fl-15"/>
      </object_component>
      <object_component id="oc-92">
         <name>.debug_line</name>
         <load_address>0x40de</load_address>
         <run_address>0x40de</run_address>
         <size>0x124</size>
         <input_file_ref idref="fl-16"/>
      </object_component>
      <object_component id="oc-97">
         <name>.debug_line</name>
         <load_address>0x4202</load_address>
         <run_address>0x4202</run_address>
         <size>0x83</size>
         <input_file_ref idref="fl-17"/>
      </object_component>
      <object_component id="oc-9d">
         <name>.debug_line</name>
         <load_address>0x4285</load_address>
         <run_address>0x4285</run_address>
         <size>0x3e5</size>
         <input_file_ref idref="fl-18"/>
      </object_component>
      <object_component id="oc-a2">
         <name>.debug_line</name>
         <load_address>0x466a</load_address>
         <run_address>0x466a</run_address>
         <size>0x16e</size>
         <input_file_ref idref="fl-19"/>
      </object_component>
      <object_component id="oc-a7">
         <name>.debug_line</name>
         <load_address>0x47d8</load_address>
         <run_address>0x47d8</run_address>
         <size>0xa2</size>
         <input_file_ref idref="fl-1d"/>
      </object_component>
      <object_component id="oc-ac">
         <name>.debug_line</name>
         <load_address>0x487a</load_address>
         <run_address>0x487a</run_address>
         <size>0x58</size>
         <input_file_ref idref="fl-1e"/>
      </object_component>
      <object_component id="oc-b1">
         <name>.debug_line</name>
         <load_address>0x48d2</load_address>
         <run_address>0x48d2</run_address>
         <size>0xa9</size>
         <input_file_ref idref="fl-1f"/>
      </object_component>
      <object_component id="oc-b6">
         <name>.debug_line</name>
         <load_address>0x497b</load_address>
         <run_address>0x497b</run_address>
         <size>0x52</size>
         <input_file_ref idref="fl-20"/>
      </object_component>
      <object_component id="oc-bb">
         <name>.debug_line</name>
         <load_address>0x49cd</load_address>
         <run_address>0x49cd</run_address>
         <size>0xab</size>
         <input_file_ref idref="fl-21"/>
      </object_component>
      <object_component id="oc-c0">
         <name>.debug_line</name>
         <load_address>0x4a78</load_address>
         <run_address>0x4a78</run_address>
         <size>0x8d</size>
         <input_file_ref idref="fl-22"/>
      </object_component>
      <object_component id="oc-c5">
         <name>.debug_line</name>
         <load_address>0x4b05</load_address>
         <run_address>0x4b05</run_address>
         <size>0x41</size>
         <input_file_ref idref="fl-23"/>
      </object_component>
      <object_component id="oc-ca">
         <name>.debug_line</name>
         <load_address>0x4b46</load_address>
         <run_address>0x4b46</run_address>
         <size>0x56</size>
         <input_file_ref idref="fl-24"/>
      </object_component>
      <object_component id="oc-cf">
         <name>.debug_line</name>
         <load_address>0x4b9c</load_address>
         <run_address>0x4b9c</run_address>
         <size>0x5e</size>
         <input_file_ref idref="fl-25"/>
      </object_component>
      <object_component id="oc-d4">
         <name>.debug_line</name>
         <load_address>0x4bfa</load_address>
         <run_address>0x4bfa</run_address>
         <size>0x56</size>
         <input_file_ref idref="fl-26"/>
      </object_component>
      <object_component id="oc-d9">
         <name>.debug_line</name>
         <load_address>0x4c50</load_address>
         <run_address>0x4c50</run_address>
         <size>0x59</size>
         <input_file_ref idref="fl-27"/>
      </object_component>
      <object_component id="oc-de">
         <name>.debug_line</name>
         <load_address>0x4ca9</load_address>
         <run_address>0x4ca9</run_address>
         <size>0x52</size>
         <input_file_ref idref="fl-28"/>
      </object_component>
      <object_component id="oc-e3">
         <name>.debug_line</name>
         <load_address>0x4cfb</load_address>
         <run_address>0x4cfb</run_address>
         <size>0x49</size>
         <input_file_ref idref="fl-29"/>
      </object_component>
      <object_component id="oc-e8">
         <name>.debug_line</name>
         <load_address>0x4d44</load_address>
         <run_address>0x4d44</run_address>
         <size>0x4f</size>
         <input_file_ref idref="fl-2a"/>
      </object_component>
      <object_component id="oc-f2">
         <name>.debug_line</name>
         <load_address>0x4d93</load_address>
         <run_address>0x4d93</run_address>
         <size>0x7d</size>
         <input_file_ref idref="fl-3e"/>
      </object_component>
      <object_component id="oc-f7">
         <name>.debug_line</name>
         <load_address>0x4e10</load_address>
         <run_address>0x4e10</run_address>
         <size>0x55</size>
         <input_file_ref idref="fl-3f"/>
      </object_component>
      <object_component id="oc-fc">
         <name>.debug_line</name>
         <load_address>0x4e65</load_address>
         <run_address>0x4e65</run_address>
         <size>0x3a</size>
         <input_file_ref idref="fl-40"/>
      </object_component>
      <object_component id="oc-101">
         <name>.debug_line</name>
         <load_address>0x4e9f</load_address>
         <run_address>0x4e9f</run_address>
         <size>0x3e</size>
         <input_file_ref idref="fl-41"/>
      </object_component>
      <object_component id="oc-107">
         <name>.debug_line</name>
         <load_address>0x4edd</load_address>
         <run_address>0x4edd</run_address>
         <size>0x7c</size>
         <input_file_ref idref="fl-42"/>
      </object_component>
      <object_component id="oc-10c">
         <name>.debug_line</name>
         <load_address>0x4f59</load_address>
         <run_address>0x4f59</run_address>
         <size>0x50</size>
         <input_file_ref idref="fl-43"/>
      </object_component>
      <object_component id="oc-113">
         <name>.debug_line</name>
         <load_address>0x4fa9</load_address>
         <run_address>0x4fa9</run_address>
         <size>0x65</size>
         <input_file_ref idref="fl-44"/>
      </object_component>
      <object_component id="oc-118">
         <name>.debug_line</name>
         <load_address>0x500e</load_address>
         <run_address>0x500e</run_address>
         <size>0x5e</size>
         <input_file_ref idref="fl-45"/>
      </object_component>
      <object_component id="oc-11e">
         <name>.debug_line</name>
         <load_address>0x506c</load_address>
         <run_address>0x506c</run_address>
         <size>0xb9</size>
         <input_file_ref idref="fl-46"/>
      </object_component>
      <object_component id="oc-123">
         <name>.debug_line</name>
         <load_address>0x5125</load_address>
         <run_address>0x5125</run_address>
         <size>0x53</size>
         <input_file_ref idref="fl-47"/>
      </object_component>
      <object_component id="oc-12c">
         <name>.debug_line</name>
         <load_address>0x5178</load_address>
         <run_address>0x5178</run_address>
         <size>0x62</size>
         <input_file_ref idref="fl-49"/>
      </object_component>
      <object_component id="oc-132">
         <name>.debug_line</name>
         <load_address>0x51da</load_address>
         <run_address>0x51da</run_address>
         <size>0x1d8</size>
         <input_file_ref idref="fl-4a"/>
      </object_component>
      <object_component id="oc-138">
         <name>.debug_line</name>
         <load_address>0x53b2</load_address>
         <run_address>0x53b2</run_address>
         <size>0x73</size>
         <input_file_ref idref="fl-4b"/>
      </object_component>
      <object_component id="oc-13d">
         <name>.debug_line</name>
         <load_address>0x5425</load_address>
         <run_address>0x5425</run_address>
         <size>0x49</size>
         <input_file_ref idref="fl-4c"/>
      </object_component>
      <object_component id="oc-143">
         <name>.debug_line</name>
         <load_address>0x546e</load_address>
         <run_address>0x546e</run_address>
         <size>0xb5</size>
         <input_file_ref idref="fl-4d"/>
      </object_component>
      <object_component id="oc-2b">
         <name>.debug_abbrev</name>
         <load_address>0x0</load_address>
         <run_address>0x0</run_address>
         <size>0x187</size>
         <input_file_ref idref="fl-4"/>
      </object_component>
      <object_component id="oc-30">
         <name>.debug_abbrev</name>
         <load_address>0x187</load_address>
         <run_address>0x187</run_address>
         <size>0x18a</size>
         <input_file_ref idref="fl-5"/>
      </object_component>
      <object_component id="oc-35">
         <name>.debug_abbrev</name>
         <load_address>0x311</load_address>
         <run_address>0x311</run_address>
         <size>0x16b</size>
         <input_file_ref idref="fl-6"/>
      </object_component>
      <object_component id="oc-3b">
         <name>.debug_abbrev</name>
         <load_address>0x47c</load_address>
         <run_address>0x47c</run_address>
         <size>0x112</size>
         <input_file_ref idref="fl-7"/>
      </object_component>
      <object_component id="oc-41">
         <name>.debug_abbrev</name>
         <load_address>0x58e</load_address>
         <run_address>0x58e</run_address>
         <size>0x1d7</size>
         <input_file_ref idref="fl-8"/>
      </object_component>
      <object_component id="oc-48">
         <name>.debug_abbrev</name>
         <load_address>0x765</load_address>
         <run_address>0x765</run_address>
         <size>0x1d6</size>
         <input_file_ref idref="fl-9"/>
      </object_component>
      <object_component id="oc-4d">
         <name>.debug_abbrev</name>
         <load_address>0x93b</load_address>
         <run_address>0x93b</run_address>
         <size>0x157</size>
         <input_file_ref idref="fl-a"/>
      </object_component>
      <object_component id="oc-52">
         <name>.debug_abbrev</name>
         <load_address>0xa92</load_address>
         <run_address>0xa92</run_address>
         <size>0x162</size>
         <input_file_ref idref="fl-b"/>
      </object_component>
      <object_component id="oc-5a">
         <name>.debug_abbrev</name>
         <load_address>0xbf4</load_address>
         <run_address>0xbf4</run_address>
         <size>0x232</size>
         <input_file_ref idref="fl-c"/>
      </object_component>
      <object_component id="oc-5f">
         <name>.debug_abbrev</name>
         <load_address>0xe26</load_address>
         <run_address>0xe26</run_address>
         <size>0xa3</size>
         <input_file_ref idref="fl-d"/>
      </object_component>
      <object_component id="oc-64">
         <name>.debug_abbrev</name>
         <load_address>0xec9</load_address>
         <run_address>0xec9</run_address>
         <size>0x100</size>
         <input_file_ref idref="fl-e"/>
      </object_component>
      <object_component id="oc-6a">
         <name>.debug_abbrev</name>
         <load_address>0xfc9</load_address>
         <run_address>0xfc9</run_address>
         <size>0x189</size>
         <input_file_ref idref="fl-f"/>
      </object_component>
      <object_component id="oc-6f">
         <name>.debug_abbrev</name>
         <load_address>0x1152</load_address>
         <run_address>0x1152</run_address>
         <size>0x16b</size>
         <input_file_ref idref="fl-10"/>
      </object_component>
      <object_component id="oc-77">
         <name>.debug_abbrev</name>
         <load_address>0x12bd</load_address>
         <run_address>0x12bd</run_address>
         <size>0x18d</size>
         <input_file_ref idref="fl-11"/>
      </object_component>
      <object_component id="oc-7c">
         <name>.debug_abbrev</name>
         <load_address>0x144a</load_address>
         <run_address>0x144a</run_address>
         <size>0x174</size>
         <input_file_ref idref="fl-12"/>
      </object_component>
      <object_component id="oc-81">
         <name>.debug_abbrev</name>
         <load_address>0x15be</load_address>
         <run_address>0x15be</run_address>
         <size>0x114</size>
         <input_file_ref idref="fl-13"/>
      </object_component>
      <object_component id="oc-86">
         <name>.debug_abbrev</name>
         <load_address>0x16d2</load_address>
         <run_address>0x16d2</run_address>
         <size>0x16b</size>
         <input_file_ref idref="fl-14"/>
      </object_component>
      <object_component id="oc-8e">
         <name>.debug_abbrev</name>
         <load_address>0x183d</load_address>
         <run_address>0x183d</run_address>
         <size>0x12d</size>
         <input_file_ref idref="fl-15"/>
      </object_component>
      <object_component id="oc-93">
         <name>.debug_abbrev</name>
         <load_address>0x196a</load_address>
         <run_address>0x196a</run_address>
         <size>0x112</size>
         <input_file_ref idref="fl-16"/>
      </object_component>
      <object_component id="oc-98">
         <name>.debug_abbrev</name>
         <load_address>0x1a7c</load_address>
         <run_address>0x1a7c</run_address>
         <size>0x2f</size>
         <input_file_ref idref="fl-17"/>
      </object_component>
      <object_component id="oc-9e">
         <name>.debug_abbrev</name>
         <load_address>0x1aab</load_address>
         <run_address>0x1aab</run_address>
         <size>0x1a6</size>
         <input_file_ref idref="fl-18"/>
      </object_component>
      <object_component id="oc-a3">
         <name>.debug_abbrev</name>
         <load_address>0x1c51</load_address>
         <run_address>0x1c51</run_address>
         <size>0x114</size>
         <input_file_ref idref="fl-19"/>
      </object_component>
      <object_component id="oc-a8">
         <name>.debug_abbrev</name>
         <load_address>0x1d65</load_address>
         <run_address>0x1d65</run_address>
         <size>0x38</size>
         <input_file_ref idref="fl-1d"/>
      </object_component>
      <object_component id="oc-ad">
         <name>.debug_abbrev</name>
         <load_address>0x1d9d</load_address>
         <run_address>0x1d9d</run_address>
         <size>0x38</size>
         <input_file_ref idref="fl-1e"/>
      </object_component>
      <object_component id="oc-b2">
         <name>.debug_abbrev</name>
         <load_address>0x1dd5</load_address>
         <run_address>0x1dd5</run_address>
         <size>0x38</size>
         <input_file_ref idref="fl-1f"/>
[...]
      </symbol>
      <symbol id="sm-418">
         <name>_USER_setErrorCode</name>
         <value>0x3f1333</value>
         <object_component_ref idref="oc-151"/>
      </symbol>
      <symbol id="sm-419">
         <name>_USER_setParams</name>
         <value>0x3f11cc</value>
         <object_component_ref idref="oc-151"/>
      </symbol>
      <symbol id="sm-41a">
         <name>_USER_computeTorque_Nm</name>
         <value>0x3f1391</value>
         <object_component_ref idref="oc-151"/>
      </symbol>
      <symbol id="sm-427">
         <name>_WDOG_disableInt</name>
         <value>0x3f2bd0</value>
         <object_component_ref idref="oc-160"/>
      </symbol>
      <symbol id="sm-428">
         <name>_WDOG_setPreScaler</name>
         <value>0x3f2ba0</value>
         <object_component_ref idref="oc-160"/>
      </symbol>
      <symbol id="sm-429">
         <name>_WDOG_enableInt</name>
         <value>0x3f2bbb</value>
         <object_component_ref idref="oc-160"/>
      </symbol>
      <symbol id="sm-42a">
         <name>_WDOG_enable</name>
         <value>0x3f2bc1</value>
         <object_component_ref idref="oc-160"/>
      </symbol>
      <symbol id="sm-42b">
         <name>_WDOG_setCount</name>
         <value>0x3f2baa</value>
         <object_component_ref idref="oc-160"/>
      </symbol>
      <symbol id="sm-42c">
         <name>_WDOG_init</name>
         <value>0x3f2bac</value>
         <object_component_ref idref="oc-160"/>
      </symbol>
      <symbol id="sm-42d">
         <name>_WDOG_getIntStatus</name>
         <value>0x3f2bb2</value>
         <object_component_ref idref="oc-160"/>
      </symbol>
      <symbol id="sm-42e">
         <name>_WDOG_disable</name>
         <value>0x3f2bd6</value>
         <object_component_ref idref="oc-160"/>
      </symbol>
      <symbol id="sm-42f">
         <name>_WDOG_enableOverRide</name>
         <value>0x3f2bb5</value>
         <object_component_ref idref="oc-160"/>
      </symbol>
      <symbol id="sm-430">
         <name>_WDOG_disableOverRide</name>
         <value>0x3f2bca</value>
         <object_component_ref idref="oc-160"/>
      </symbol>
      <symbol id="sm-431">
         <name>_WDOG_clearCounter</name>
         <value>0x3f2bde</value>
         <object_component_ref idref="oc-160"/>
      </symbol>
      <symbol id="sm-443">
         <name>FD$$MPY</name>
         <value>0x3f2782</value>
         <object_component_ref idref="oc-a5"/>
      </symbol>
      <symbol id="sm-452">
         <name>FD$$TOL</name>
         <value>0x3f2d61</value>
         <object_component_ref idref="oc-aa"/>
      </symbol>
      <symbol id="sm-46c">
         <name>FS$$ADD</name>
         <value>0x3f288d</value>
         <object_component_ref idref="oc-af"/>
      </symbol>
      <symbol id="sm-46d">
         <name>FS$$SUB</name>
         <value>0x3f2888</value>
         <object_component_ref idref="oc-af"/>
      </symbol>
      <symbol id="sm-47f">
         <name>FS$$CMP</name>
         <value>0x3f2e23</value>
         <object_component_ref idref="oc-b4"/>
      </symbol>
      <symbol id="sm-490">
         <name>FS$$DIV</name>
         <value>0x3f2805</value>
         <object_component_ref idref="oc-b9"/>
      </symbol>
      <symbol id="sm-4a1">
         <name>FS$$MPY</name>
         <value>0x3f2af2</value>
         <object_component_ref idref="oc-be"/>
      </symbol>
      <symbol id="sm-4ae">
         <name>FS$$NEG</name>
         <value>0x3f2e83</value>
         <object_component_ref idref="oc-c3"/>
      </symbol>
      <symbol id="sm-4be">
         <name>FS$$TOFD</name>
         <value>0x3f2dba</value>
         <object_component_ref idref="oc-c8"/>
      </symbol>
      <symbol id="sm-4cf">
         <name>FS$$TOI</name>
         <value>0x3f2cd7</value>
         <object_component_ref idref="oc-cd"/>
      </symbol>
      <symbol id="sm-4e0">
         <name>FS$$TOU</name>
         <value>0x3f2d80</value>
         <object_component_ref idref="oc-d2"/>
      </symbol>
      <symbol id="sm-4f1">
         <name>FS$$TOUL</name>
         <value>0x3f2d20</value>
         <object_component_ref idref="oc-d7"/>
      </symbol>
      <symbol id="sm-500">
         <name>I$$TOFS</name>
         <value>0x3f2dd6</value>
         <object_component_ref idref="oc-dc"/>
      </symbol>
      <symbol id="sm-50e">
         <name>U$$TOFS</name>
         <value>0x3f2e4d</value>
         <object_component_ref idref="oc-e1"/>
      </symbol>
      <symbol id="sm-51e">
         <name>UL$$TOFS</name>
         <value>0x3f2e3a</value>
         <object_component_ref idref="oc-e6"/>
      </symbol>
      <symbol id="sm-520">
         <name>_CTRL_setGains</name>
         <value>0x3fa83e</value>
      </symbol>
      <symbol id="sm-522">
         <name>_EST_getFlux_pu</name>
         <value>0x3f96ab</value>
      </symbol>
      <symbol id="sm-524">
         <name>_EST_getLs_coarse_max_pu</name>
         <value>0x3f95ff</value>
      </symbol>
      <symbol id="sm-526">
         <name>_EST_getLs_d_H</name>
         <value>0x3f95f5</value>
      </symbol>
      <symbol id="sm-528">
         <name>_EST_getLs_d_pu</name>
         <value>0x3f95f0</value>
      </symbol>
      <symbol id="sm-52a">
         <name>_EST_getLs_q_H</name>
         <value>0x3f95ce</value>
      </symbol>
      <symbol id="sm-52c">
         <name>_EST_getLs_q_pu</name>
         <value>0x3f95c9</value>
      </symbol>
      <symbol id="sm-52e">
         <name>_EST_getRs_Ohm</name>
         <value>0x3f9513</value>
      </symbol>
      <symbol id="sm-530">
         <name>_EST_setLs_d_pu</name>
         <value>0x3f8b45</value>
      </symbol>
      <symbol id="sm-532">
         <name>_EST_setLs_qFmt</name>
         <value>0x3f8af1</value>
      </symbol>
      <symbol id="sm-534">
         <name>_EST_setLs_q_pu</name>
         <value>0x3f8ae7</value>
      </symbol>
      <symbol id="sm-536">
         <name>_OFFSET_init</name>
         <value>0x3fb4dc</value>
      </symbol>
      <symbol id="sm-538">
         <name>_OFFSET_setBeta</name>
         <value>0x3fb4c6</value>
      </symbol>
      <symbol id="sm-53a">
         <name>_OFFSET_setInitCond</name>
         <value>0x3fb4bd</value>
      </symbol>
      <symbol id="sm-53c">
         <name>_OFFSET_setOffset</name>
         <value>0x3fb4bb</value>
      </symbol>
      <symbol id="sm-547">
         <name>__IQ24div</name>
         <value>0x3f2f64</value>
         <object_component_ref idref="oc-eb"/>
      </symbol>
      <symbol id="sm-54b">
         <name>_IQ16mpyRndSatTable</name>
         <value>0x3fe6c0</value>
         <object_component_ref idref="oc-ec"/>
      </symbol>
      <symbol id="sm-54c">
         <name>_IQ24mpyRndSatTable</name>
         <value>0x3fe660</value>
         <object_component_ref idref="oc-ec"/>
      </symbol>
      <symbol id="sm-54d">
         <name>_IQ13mpyRndSatTable</name>
         <value>0x3fe6e4</value>
         <object_component_ref idref="oc-ec"/>
      </symbol>
      <symbol id="sm-54e">
         <name>_IQ21mpyRndSatTable</name>
         <value>0x3fe684</value>
         <object_component_ref idref="oc-ec"/>
      </symbol>
      <symbol id="sm-54f">
         <name>_IQ10mpyRndSatTable</name>
         <value>0x3fe708</value>
         <object_component_ref idref="oc-ec"/>
      </symbol>
      <symbol id="sm-550">
         <name>_IQdivTable</name>
         <value>0x3fe140</value>
         <object_component_ref idref="oc-ec"/>
      </symbol>
      <symbol id="sm-551">
         <name>_IQ9mpyRndSatTable</name>
         <value>0x3fe714</value>
         <object_component_ref idref="oc-ec"/>
      </symbol>
      <symbol id="sm-552">
         <name>_IQ6mpyRndSatTable</name>
         <value>0x3fe738</value>
         <object_component_ref idref="oc-ec"/>
      </symbol>
      <symbol id="sm-553">
         <name>_IQatan2TableEnd</name>
         <value>0x3fe618</value>
         <object_component_ref idref="oc-ec"/>
      </symbol>
      <symbol id="sm-554">
         <name>_IQdivTableEnd</name>
         <value>0x3fe342</value>
         <object_component_ref idref="oc-ec"/>
      </symbol>
      <symbol id="sm-555">
         <name>_IQ29mpyRndSatTable</name>
         <value>0x3fe624</value>
         <object_component_ref idref="oc-ec"/>
      </symbol>
      <symbol id="sm-556">
         <name>_IQ3mpyRndSatTable</name>
         <value>0x3fe75c</value>
         <object_component_ref idref="oc-ec"/>
      </symbol>
      <symbol id="sm-557">
         <name>_IQ18mpyRndSatTable</name>
         <value>0x3fe6a8</value>
         <object_component_ref idref="oc-ec"/>
      </symbol>
      <symbol id="sm-558">
         <name>_IQ26mpyRndSatTable</name>
         <value>0x3fe648</value>
         <object_component_ref idref="oc-ec"/>
      </symbol>
      <symbol id="sm-559">
         <name>_IQcosTableEnd</name>
         <value>0x3fe132</value>
         <object_component_ref idref="oc-ec"/>
      </symbol>
      <symbol id="sm-55a">
         <name>_IQsinTableEnd</name>
         <value>0x3fe030</value>
         <object_component_ref idref="oc-ec"/>
      </symbol>
      <symbol id="sm-55b">
         <name>_IQ15mpyRndSatTable</name>
         <value>0x3fe6cc</value>
         <object_component_ref idref="oc-ec"/>
      </symbol>
      <symbol id="sm-55c">
         <name>_IQ23mpyRndSatTable</name>
         <value>0x3fe66c</value>
         <object_component_ref idref="oc-ec"/>
      </symbol>
      <symbol id="sm-55d">
         <name>_IQ12mpyRndSatTable</name>
         <value>0x3fe6f0</value>
         <object_component_ref idref="oc-ec"/>
      </symbol>
      <symbol id="sm-55e">
         <name>_IQ20mpyRndSatTable</name>
         <value>0x3fe690</value>
         <object_component_ref idref="oc-ec"/>
      </symbol>
      <symbol id="sm-55f">
         <name>_IQisqrtTableEnd</name>
         <value>0x3fe454</value>
         <object_component_ref idref="oc-ec"/>
      </symbol>
      <symbol id="sm-560">
         <name>_IQ8mpyRndSatTable</name>
         <value>0x3fe720</value>
         <object_component_ref idref="oc-ec"/>
      </symbol>
      <symbol id="sm-561">
         <name>_IQisqrtRoundSatTable</name>
         <value>0x3fe342</value>
         <object_component_ref idref="oc-ec"/>
      </symbol>
      <symbol id="sm-562">
         <name>_IQ5mpyRndSatTable</name>
         <value>0x3fe744</value>
         <object_component_ref idref="oc-ec"/>
      </symbol>
      <symbol id="sm-563">
         <name>_IQmpyRndSatTable</name>
         <value>0x3fe618</value>
         <object_component_ref idref="oc-ec"/>
      </symbol>
      <symbol id="sm-564">
         <name>_IQ28mpyRndSatTable</name>
         <value>0x3fe630</value>
         <object_component_ref idref="oc-ec"/>
      </symbol>
      <symbol id="sm-565">
         <name>_IQatan2Table</name>
         <value>0x3fe492</value>
         <object_component_ref idref="oc-ec"/>
      </symbol>
      <symbol id="sm-566">
         <name>_IQ2mpyRndSatTable</name>
         <value>0x3fe768</value>
         <object_component_ref idref="oc-ec"/>
      </symbol>
      <symbol id="sm-567">
         <name>_IQatan2HalfPITable</name>
         <value>0x3fe454</value>
         <object_component_ref idref="oc-ec"/>
      </symbol>
      <symbol id="sm-568">
         <name>_IQ17mpyRndSatTable</name>
         <value>0x3fe6b4</value>
         <object_component_ref idref="oc-ec"/>
      </symbol>
      <symbol id="sm-569">
         <name>_IQ25mpyRndSatTable</name>
         <value>0x3fe654</value>
         <object_component_ref idref="oc-ec"/>
      </symbol>
      <symbol id="sm-56a">
         <name>_IQsqrtTable</name>
         <value>0x3fe352</value>
         <object_component_ref idref="oc-ec"/>
      </symbol>
      <symbol id="sm-56b">
         <name>_IQsqrtTableEnd</name>
         <value>0x3fe454</value>
         <object_component_ref idref="oc-ec"/>
      </symbol>
      <symbol id="sm-56c">
         <name>_IQ14mpyRndSatTable</name>
         <value>0x3fe6d8</value>
         <object_component_ref idref="oc-ec"/>
      </symbol>
      <symbol id="sm-56d">
         <name>_IQ22mpyRndSatTable</name>
         <value>0x3fe678</value>
         <object_component_ref idref="oc-ec"/>
      </symbol>
      <symbol id="sm-56e">
         <name>_IQ30mpyRndSatTable</name>
         <value>0x3fe618</value>
         <object_component_ref idref="oc-ec"/>
      </symbol>
      <symbol id="sm-56f">
         <name>_IQsqrtRoundSatTable</name>
         <value>0x3fe342</value>
         <object_component_ref idref="oc-ec"/>
      </symbol>
      <symbol id="sm-570">
         <name>_IQ11mpyRndSatTable</name>
         <value>0x3fe6fc</value>
         <object_component_ref idref="oc-ec"/>
      </symbol>
      <symbol id="sm-571">
         <name>_IQdivRoundSatTable</name>
         <value>0x3fe132</value>
         <object_component_ref idref="oc-ec"/>
      </symbol>
      <symbol id="sm-572">
         <name>_IQ7mpyRndSatTable</name>
         <value>0x3fe72c</value>
         <object_component_ref idref="oc-ec"/>
      </symbol>
      <symbol id="sm-573">
         <name>_IQcosTable</name>
         <value>0x3fdd30</value>
         <object_component_ref idref="oc-ec"/>
      </symbol>
      <symbol id="sm-574">
         <name>_IQisqrtTable</name>
         <value>0x3fe352</value>
         <object_component_ref idref="oc-ec"/>
      </symbol>
      <symbol id="sm-575">
         <name>_IQ4mpyRndSatTable</name>
         <value>0x3fe750</value>
         <object_component_ref idref="oc-ec"/>
      </symbol>
      <symbol id="sm-576">
         <name>_IQ19mpyRndSatTable</name>
         <value>0x3fe69c</value>
         <object_component_ref idref="oc-ec"/>
      </symbol>
      <symbol id="sm-577">
         <name>_IQ27mpyRndSatTable</name>
         <value>0x3fe63c</value>
         <object_component_ref idref="oc-ec"/>
      </symbol>
      <symbol id="sm-578">
         <name>_IQmpyRndSatTableEnd</name>
         <value>0x3fe780</value>
         <object_component_ref idref="oc-ec"/>
      </symbol>
      <symbol id="sm-579">
         <name>_IQ1mpyRndSatTable</name>
         <value>0x3fe774</value>
         <object_component_ref idref="oc-ec"/>
      </symbol>
      <symbol id="sm-57a">
         <name>_IQsinTable</name>
         <value>0x3fdc30</value>
         <object_component_ref idref="oc-ec"/>
      </symbol>
      <symbol id="sm-584">
         <name>__IQ24toF</name>
         <value>0x3f2fab</value>
         <object_component_ref idref="oc-ed"/>
      </symbol>
      <symbol id="sm-58e">
         <name>__IQ30toF</name>
         <value>0x3f2fbf</value>
         <object_component_ref idref="oc-ee"/>
      </symbol>
      <symbol id="sm-5a9">
         <name>_c_int00</name>
         <value>0x3f2b4c</value>
         <object_component_ref idref="oc-18"/>
      </symbol>
      <symbol id="sm-5aa">
         <name>__stack</name>
         <value>0x50</value>
         <object_component_ref idref="oc-ef"/>
      </symbol>
      <symbol id="sm-5b9">
         <name>__args_main</name>
         <value>0x3f2e0a</value>
         <object_component_ref idref="oc-149"/>
      </symbol>
      <symbol id="sm-5c6">
         <name>__system_post_cinit</name>
         <value>0x3f2e8a</value>
         <object_component_ref idref="oc-148"/>
      </symbol>
      <symbol id="sm-5d2">
         <name>__system_pre_init</name>
         <value>0x3f2e88</value>
         <object_component_ref idref="oc-146"/>
      </symbol>
      <symbol id="sm-5ea">
         <name>_ceilf</name>
         <value>0x3f2976</value>
         <object_component_ref idref="oc-164"/>
      </symbol>
      <symbol id="sm-5eb">
         <name>_ceil</name>
         <value>0x3f2976</value>
         <object_component_ref idref="oc-164"/>
      </symbol>
      <symbol id="sm-5fa">
         <name>_copy_in</name>
         <value>0x3f2cfc</value>
         <object_component_ref idref="oc-147"/>
      </symbol>
      <symbol id="sm-60e">
         <name>C$$EXIT</name>
         <value>0x3f2c89</value>
         <object_component_ref idref="oc-14a"/>
      </symbol>
      <symbol id="sm-60f">
         <name>_exit</name>
         <value>0x3f2c8b</value>
         <object_component_ref idref="oc-14a"/>
      </symbol>
      <symbol id="sm-610">
         <name>___TI_cleanup_ptr</name>
         <value>0x8dae</value>
         <object_component_ref idref="oc-111"/>
      </symbol>
      <symbol id="sm-611">
         <name>___TI_enable_exit_profile_output</name>
         <value>0x8dac</value>
         <object_component_ref idref="oc-111"/>
      </symbol>
      <symbol id="sm-612">
         <name>_abort</name>
         <value>0x3f2c89</value>
         <object_component_ref idref="oc-14a"/>
      </symbol>
      <symbol id="sm-613">
         <name>___TI_dtors_ptr</name>
         <value>0x8db0</value>
         <object_component_ref idref="oc-111"/>
      </symbol>
      <symbol id="sm-627">
         <name>__unlock</name>
         <value>0x8db4</value>
         <object_component_ref idref="oc-167"/>
      </symbol>
      <symbol id="sm-628">
         <name>__lock</name>
         <value>0x8db2</value>
         <object_component_ref idref="oc-14e"/>
      </symbol>
      <symbol id="sm-629">
         <name>__register_lock</name>
         <value>0x3f2e79</value>
         <object_component_ref idref="oc-152"/>
      </symbol>
      <symbol id="sm-62a">
         <name>__nop</name>
         <value>0x3f2e7d</value>
         <object_component_ref idref="oc-152"/>
      </symbol>
      <symbol id="sm-62b">
         <name>__register_unlock</name>
         <value>0x3f2e75</value>
         <object_component_ref idref="oc-152"/>
      </symbol>
      <symbol id="sm-653">
         <name>_logf</name>
         <value>0x3f21c8</value>
         <object_component_ref idref="oc-163"/>
      </symbol>
      <symbol id="sm-654">
         <name>_log</name>
         <value>0x3f21c8</value>
         <object_component_ref idref="oc-163"/>
      </symbol>
      <symbol id="sm-663">
         <name>L$$TOFS</name>
         <value>0x3f2df0</value>
         <object_component_ref idref="oc-121"/>
      </symbol>
      <symbol id="sm-66d">
         <name>_errno</name>
         <value>0x8db9</value>
         <object_component_ref idref="oc-128"/>
      </symbol>
      <symbol id="sm-67e">
         <name>_memcpy</name>
         <value>0x3f2d9d</value>
         <object_component_ref idref="oc-14c"/>
      </symbol>
      <symbol id="sm-6d8">
         <name>_powf</name>
         <value>0x3f159f</value>
         <object_component_ref idref="oc-165"/>
      </symbol>
      <symbol id="sm-6d9">
         <name>_pow</name>
         <value>0x3f159f</value>
         <object_component_ref idref="oc-165"/>
      </symbol>
      <symbol id="sm-6f2">
         <name>_scalbn</name>
         <value>0x3f29df</value>
         <object_component_ref idref="oc-16b"/>
      </symbol>
      <symbol id="sm-6f3">
         <name>_ldexp</name>
         <value>0x3f29df</value>
         <object_component_ref idref="oc-16b"/>
      </symbol>
      <symbol id="sm-6f4">
         <name>_scalbnf</name>
         <value>0x3f29df</value>
         <object_component_ref idref="oc-16b"/>
      </symbol>
      <symbol id="sm-6f5">
         <name>_ldexpf</name>
         <value>0x3f29df</value>
         <object_component_ref idref="oc-16b"/>
      </symbol>
      <symbol id="sm-701">
         <name>_copysignf</name>
         <value>0x3f2e6b</value>
         <object_component_ref idref="oc-16c"/>
      </symbol>
      <symbol id="sm-702">
         <name>_copysign</name>
         <value>0x3f2e6b</value>
         <object_component_ref idref="oc-16c"/>
      </symbol>
      <symbol id="sm-71d">
         <name>_sqrtf</name>
         <value>0x3f2900</value>
         <object_component_ref idref="oc-166"/>
      </symbol>
      <symbol id="sm-71e">
         <name>_sqrt</name>
         <value>0x3f2900</value>
         <object_component_ref idref="oc-166"/>
      </symbol>
   </symbol_table>
   <title>Link successful</title>
</link_info>
